[2025-12-22 12:48:27] local.INFO: --- CHECK UPDATE CALLED --- {"incoming_request":{"current_version_code":1,"device_id":"23b86fa42a404a23"}} 
[2025-12-22 12:48:27] local.INFO: Validated request {"device_id":"23b86fa42a404a23","current_version_code":1} 
[2025-12-22 12:48:27] local.WARNING: Device not found {"device_id":"23b86fa42a404a23"} 
[2025-12-22 12:48:28] local.INFO: checkDevice request: {"device_id":"23b86fa42a404a23"}  
[2025-12-22 12:49:04] local.INFO: createLicense request: {"device_id":"23b86fa42a404a23","end_date":"2026-12-22","status":"INACTIVE"}  
[2025-12-22 12:49:22] local.INFO: verifyLicense request {"device_id":"23b86fa42a404a23","license_key":"23B8-T7NTNS-64C2-A85E-CF5B","serial_number":null}  
[2025-12-22 12:49:35] local.INFO: User login attempt {"license_key":"23B8-T7NTNS-64C2-A85E-CF5B","username":"admin"} 
[2025-12-22 12:49:35] local.INFO: User login response data {"user_id":51,"data":{"user":{"name":"Bangalore admin","email":"admin@gmail.com","user_code":"USR-ADKU1CW","location_id":3,"location_name":"Electronic City","working_stages":[],"role":{"App\\Models\\user_management\\Role":{"role_id":13,"role_name":"Palnt Admin","role_code":"ROL-ADIN9A3"}},"api_key":"XDdZMI4IrtC0Wc4XsJI5vzjLrVdrY2U4en3me1ckxhKZDGgnge2VUVbeTHJO"},"permissions":{"users":["create.users","view.users","edit.users","delete.users"],"dashboard":["view.dashboard_admin"],"config_settings":["create.config_settings","view.config_settings","edit.config_settings","delete.config_settings"],"products":["view.products","create.products","edit.products","delete.products"],"reports":["view.reports"],"locations":["locations.view","locations.edit"],"inventory":["view.inventory","create.inventory","edit.inventory","delete.inventory","write.inventory","lock.inventory"]},"token":"844|b4cUbEXzcjGb4iDz8Hd1A2kHfnUqXYvEaIolHamZ3dcb4d34"}} 
[2025-12-22 12:49:35] local.INFO: User login successful {"user_id":51,"license_key":"23B8-T7NTNS-64C2-A85E-CF5B"} 
[2025-12-22 12:49:37] local.INFO: --- CHECK UPDATE CALLED --- {"incoming_request":{"current_version_code":1,"device_id":"23b86fa42a404a23"}} 
[2025-12-22 12:49:37] local.INFO: Validated request {"device_id":"23b86fa42a404a23","current_version_code":1} 
[2025-12-22 12:49:37] local.INFO: Device found {"device_id":"23b86fa42a404a23","registered_version_code":1,"is_update_required_flag":0} 
[2025-12-22 12:49:37] local.INFO: Device is up to date {"device_id":"23b86fa42a404a23","current_version":1} 
[2025-12-22 12:49:53] local.INFO: getProducts: {"limit":20,"page":1,"search":"it","status":"all"}  
[2025-12-22 12:49:53] local.INFO: Products fetched response []  
[2025-12-22 12:49:55] local.INFO: getProducts: {"limit":20,"page":1,"search":null,"status":"all"}  
[2025-12-22 12:49:55] local.INFO: Products fetched response [{"id":2,"product_name":"Badsheet","product_code":"SKU-BED-01","category":"Badsheet","price":0,"expected_life_cycles":1000,"quantity":0,"last_activity":{"trans_type":null,"inward":0,"outward":0,"opening_stock":0,"closing_stock":0,"at":null}},{"id":3,"product_name":"Pillow Cover","product_code":"SKU-BED-02","category":"Pillow Cover","price":0,"expected_life_cycles":1000,"quantity":1,"last_activity":{"trans_type":"status_clean_out","inward":0,"outward":1,"opening_stock":2,"closing_stock":1,"at":"2025-12-12 16:00:55"}},{"id":4,"product_name":"Towel","product_code":"SKU-BED-03","category":"Towel","price":0,"expected_life_cycles":1000,"quantity":0,"last_activity":{"trans_type":null,"inward":0,"outward":0,"opening_stock":0,"closing_stock":0,"at":null}},{"id":5,"product_name":"Blanket","product_code":"SKU-BED-04","category":"Blanket","price":0,"expected_life_cycles":1000,"quantity":3,"last_activity":{"trans_type":"status_dirty_in","inward":1,"outward":0,"opening_stock":-1,"closing_stock":0,"at":"2025-12-11 20:00:12"}},{"id":6,"product_name":"Patient Gown","product_code":"SKU-BED-05","category":"Patient Gown","price":0,"expected_life_cycles":1000,"quantity":0,"last_activity":{"trans_type":null,"inward":0,"outward":0,"opening_stock":0,"closing_stock":0,"at":null}},{"id":1,"product_name":"Badsheet2","product_code":"343453S","category":"Badsheet2","price":0,"expected_life_cycles":1000,"quantity":0,"last_activity":{"trans_type":null,"inward":0,"outward":0,"opening_stock":0,"closing_stock":0,"at":null}}]  
[2025-12-22 12:49:56] local.INFO: getProducts: {"limit":20,"page":1,"search":"p","status":"all"}  
[2025-12-22 12:49:56] local.INFO: Products fetched response [{"id":3,"product_name":"Pillow Cover","product_code":"SKU-BED-02","category":"Pillow Cover","price":0,"expected_life_cycles":1000,"quantity":1,"last_activity":{"trans_type":"status_clean_out","inward":0,"outward":1,"opening_stock":2,"closing_stock":1,"at":"2025-12-12 16:00:55"}},{"id":6,"product_name":"Patient Gown","product_code":"SKU-BED-05","category":"Patient Gown","price":0,"expected_life_cycles":1000,"quantity":0,"last_activity":{"trans_type":null,"inward":0,"outward":0,"opening_stock":0,"closing_stock":0,"at":null}}]  
[2025-12-22 12:49:57] local.INFO: getProducts: {"limit":20,"page":1,"search":"Pillow Cover | SKU-BED-02","status":"all"}  
[2025-12-22 12:49:57] local.INFO: Products fetched response []  
[2025-12-22 12:50:42] local.INFO: Fetching tag details for EPC: E2004700E511662B01EC84A1  
[2025-12-22 12:51:24] local.INFO: getProducts: {"limit":20,"page":1,"search":null,"status":"all"}  
[2025-12-22 12:51:24] local.INFO: Products fetched response [{"id":2,"product_name":"Badsheet","product_code":"SKU-BED-01","category":"Badsheet","price":0,"expected_life_cycles":1000,"quantity":0,"last_activity":{"trans_type":null,"inward":0,"outward":0,"opening_stock":0,"closing_stock":0,"at":null}},{"id":3,"product_name":"Pillow Cover","product_code":"SKU-BED-02","category":"Pillow Cover","price":0,"expected_life_cycles":1000,"quantity":1,"last_activity":{"trans_type":"status_clean_out","inward":0,"outward":1,"opening_stock":2,"closing_stock":1,"at":"2025-12-12 16:00:55"}},{"id":4,"product_name":"Towel","product_code":"SKU-BED-03","category":"Towel","price":0,"expected_life_cycles":1000,"quantity":0,"last_activity":{"trans_type":null,"inward":0,"outward":0,"opening_stock":0,"closing_stock":0,"at":null}},{"id":5,"product_name":"Blanket","product_code":"SKU-BED-04","category":"Blanket","price":0,"expected_life_cycles":1000,"quantity":3,"last_activity":{"trans_type":"status_dirty_in","inward":1,"outward":0,"opening_stock":-1,"closing_stock":0,"at":"2025-12-11 20:00:12"}},{"id":6,"product_name":"Patient Gown","product_code":"SKU-BED-05","category":"Patient Gown","price":0,"expected_life_cycles":1000,"quantity":0,"last_activity":{"trans_type":null,"inward":0,"outward":0,"opening_stock":0,"closing_stock":0,"at":null}},{"id":1,"product_name":"Badsheet2","product_code":"343453S","category":"Badsheet2","price":0,"expected_life_cycles":1000,"quantity":0,"last_activity":{"trans_type":null,"inward":0,"outward":0,"opening_stock":0,"closing_stock":0,"at":null}}]  
[2025-12-22 12:54:15] local.INFO: --- CHECK UPDATE CALLED --- {"incoming_request":{"current_version_code":1,"device_id":"23b86fa42a404a23"}} 
[2025-12-22 12:54:15] local.INFO: Validated request {"device_id":"23b86fa42a404a23","current_version_code":1} 
[2025-12-22 12:54:15] local.INFO: Device found {"device_id":"23b86fa42a404a23","registered_version_code":1,"is_update_required_flag":0} 
[2025-12-22 12:54:15] local.INFO: Device is up to date {"device_id":"23b86fa42a404a23","current_version":1} 
[2025-12-22 14:43:42] local.INFO: --- CHECK UPDATE CALLED --- {"incoming_request":{"current_version_code":1,"device_id":"73e7ecaeff3b1b4d"}} 
[2025-12-22 14:43:42] local.INFO: Validated request {"device_id":"73e7ecaeff3b1b4d","current_version_code":1} 
[2025-12-22 14:43:42] local.INFO: Device found {"device_id":"73e7ecaeff3b1b4d","registered_version_code":1,"is_update_required_flag":0} 
[2025-12-22 14:43:42] local.INFO: Device is up to date {"device_id":"73e7ecaeff3b1b4d","current_version":1} 
[2025-12-22 14:43:46] local.INFO: User login attempt {"license_key":"73E7-T75B77-1686-1626-D874","username":"admin"} 
[2025-12-22 14:43:46] local.INFO: User login response data {"user_id":51,"data":{"user":{"name":"Bangalore admin","email":"admin@gmail.com","user_code":"USR-ADKU1CW","location_id":3,"location_name":"Electronic City","working_stages":[],"role":{"App\\Models\\user_management\\Role":{"role_id":13,"role_name":"Palnt Admin","role_code":"ROL-ADIN9A3"}},"api_key":"XDdZMI4IrtC0Wc4XsJI5vzjLrVdrY2U4en3me1ckxhKZDGgnge2VUVbeTHJO"},"permissions":{"users":["create.users","view.users","edit.users","delete.users"],"dashboard":["view.dashboard_admin"],"config_settings":["create.config_settings","view.config_settings","edit.config_settings","delete.config_settings"],"products":["view.products","create.products","edit.products","delete.products"],"reports":["view.reports"],"locations":["locations.view","locations.edit"],"inventory":["view.inventory","create.inventory","edit.inventory","delete.inventory","write.inventory","lock.inventory"]},"token":"845|Xv2htYLp7rRo0iv8v8EidQBSgS59c7jDsIVRl5Ju5e5e0de3"}} 
[2025-12-22 14:43:46] local.INFO: User login successful {"user_id":51,"license_key":"73E7-T75B77-1686-1626-D874"} 
[2025-12-22 14:43:48] local.INFO: --- CHECK UPDATE CALLED --- {"incoming_request":{"current_version_code":1,"device_id":"73e7ecaeff3b1b4d"}} 
[2025-12-22 14:43:48] local.INFO: Validated request {"device_id":"73e7ecaeff3b1b4d","current_version_code":1} 
[2025-12-22 14:43:48] local.INFO: Device found {"device_id":"73e7ecaeff3b1b4d","registered_version_code":1,"is_update_required_flag":0} 
[2025-12-22 14:43:48] local.INFO: Device is up to date {"device_id":"73e7ecaeff3b1b4d","current_version":1} 
[2025-12-22 14:44:16] local.INFO: getProducts: {"limit":20,"page":1,"search":null,"status":"all"}  
[2025-12-22 14:44:16] local.INFO: Products fetched response [{"id":2,"product_name":"Badsheet","product_code":"SKU-BED-01","category":"Badsheet","price":0,"expected_life_cycles":1000,"quantity":0,"last_activity":{"trans_type":null,"inward":0,"outward":0,"opening_stock":0,"closing_stock":0,"at":null}},{"id":3,"product_name":"Pillow Cover","product_code":"SKU-BED-02","category":"Pillow Cover","price":0,"expected_life_cycles":1000,"quantity":1,"last_activity":{"trans_type":"status_clean_out","inward":0,"outward":1,"opening_stock":2,"closing_stock":1,"at":"2025-12-12 16:00:55"}},{"id":4,"product_name":"Towel","product_code":"SKU-BED-03","category":"Towel","price":0,"expected_life_cycles":1000,"quantity":0,"last_activity":{"trans_type":null,"inward":0,"outward":0,"opening_stock":0,"closing_stock":0,"at":null}},{"id":5,"product_name":"Blanket","product_code":"SKU-BED-04","category":"Blanket","price":0,"expected_life_cycles":1000,"quantity":3,"last_activity":{"trans_type":"status_dirty_in","inward":1,"outward":0,"opening_stock":-1,"closing_stock":0,"at":"2025-12-11 20:00:12"}},{"id":6,"product_name":"Patient Gown","product_code":"SKU-BED-05","category":"Patient Gown","price":0,"expected_life_cycles":1000,"quantity":0,"last_activity":{"trans_type":null,"inward":0,"outward":0,"opening_stock":0,"closing_stock":0,"at":null}},{"id":1,"product_name":"Badsheet2","product_code":"343453S","category":"Badsheet2","price":0,"expected_life_cycles":1000,"quantity":0,"last_activity":{"trans_type":null,"inward":0,"outward":0,"opening_stock":0,"closing_stock":0,"at":null}}]  
[2025-12-22 14:44:20] local.INFO: getProducts: {"limit":20,"page":1,"search":null,"status":"all"}  
[2025-12-22 14:44:20] local.INFO: Products fetched response [{"id":2,"product_name":"Badsheet","product_code":"SKU-BED-01","category":"Badsheet","price":0,"expected_life_cycles":1000,"quantity":0,"last_activity":{"trans_type":null,"inward":0,"outward":0,"opening_stock":0,"closing_stock":0,"at":null}},{"id":3,"product_name":"Pillow Cover","product_code":"SKU-BED-02","category":"Pillow Cover","price":0,"expected_life_cycles":1000,"quantity":1,"last_activity":{"trans_type":"status_clean_out","inward":0,"outward":1,"opening_stock":2,"closing_stock":1,"at":"2025-12-12 16:00:55"}},{"id":4,"product_name":"Towel","product_code":"SKU-BED-03","category":"Towel","price":0,"expected_life_cycles":1000,"quantity":0,"last_activity":{"trans_type":null,"inward":0,"outward":0,"opening_stock":0,"closing_stock":0,"at":null}},{"id":5,"product_name":"Blanket","product_code":"SKU-BED-04","category":"Blanket","price":0,"expected_life_cycles":1000,"quantity":3,"last_activity":{"trans_type":"status_dirty_in","inward":1,"outward":0,"opening_stock":-1,"closing_stock":0,"at":"2025-12-11 20:00:12"}},{"id":6,"product_name":"Patient Gown","product_code":"SKU-BED-05","category":"Patient Gown","price":0,"expected_life_cycles":1000,"quantity":0,"last_activity":{"trans_type":null,"inward":0,"outward":0,"opening_stock":0,"closing_stock":0,"at":null}},{"id":1,"product_name":"Badsheet2","product_code":"343453S","category":"Badsheet2","price":0,"expected_life_cycles":1000,"quantity":0,"last_activity":{"trans_type":null,"inward":0,"outward":0,"opening_stock":0,"closing_stock":0,"at":null}}]  
[2025-12-22 14:47:21] local.ERROR: Call to undefined method App\Helpers\LocaleHelper::getProductSummaryCounts() {"userId":51,"exception":"[object] (Error(code: 0): Call to undefined method App\\Helpers\\LocaleHelper::getProductSummaryCounts() at /var/www/html/laundryApp/app/Http/Controllers/reports/ReportsController.php:35)
[stacktrace]
#0 /var/www/html/laundryApp/vendor/laravel/framework/src/Illuminate/Routing/Controller.php(54): App\\Http\\Controllers\\reports\\ReportsController->index()
#1 /var/www/html/laundryApp/vendor/laravel/framework/src/Illuminate/Routing/ControllerDispatcher.php(43): Illuminate\\Routing\\Controller->callAction()
#2 /var/www/html/laundryApp/vendor/laravel/framework/src/Illuminate/Routing/Route.php(259): Illuminate\\Routing\\ControllerDispatcher->dispatch()
#3 /var/www/html/laundryApp/vendor/laravel/framework/src/Illuminate/Routing/Route.php(205): Illuminate\\Routing\\Route->runController()
#4 /var/www/html/laundryApp/vendor/laravel/framework/src/Illuminate/Routing/Router.php(806): Illuminate\\Routing\\Route->run()
#5 /var/www/html/laundryApp/vendor/laravel/framework/src/Illuminate/Pipeline/Pipeline.php(144): Illuminate\\Routing\\Router->Illuminate\\Routing\\{closure}()
#6 /var/www/html/laundryApp/app/Http/Middleware/CheckPermission.php(19): Illuminate\\Pipeline\\Pipeline->Illuminate\\Pipeline\\{closure}()
#7 /var/www/html/laundryApp/vendor/laravel/framework/src/Illuminate/Pipeline/Pipeline.php(183): App\\Http\\Middleware\\CheckPermission->handle()
#8 /var/www/html/laundryApp/app/Http/Middleware/PreventBackHistory.php(17): Illuminate\\Pipeline\\Pipeline->Illuminate\\Pipeline\\{closure}()
#9 /var/www/html/laundryApp/vendor/laravel/framework/src/Illuminate/Pipeline/Pipeline.php(183): App\\Http\\Middleware\\PreventBackHistory->handle()
#10 /var/www/html/laundryApp/vendor/laravel/framework/src/Illuminate/Routing/Middleware/SubstituteBindings.php(50): Illuminate\\Pipeline\\Pipeline->Illuminate\\Pipeline\\{closure}()
#11 /var/www/html/laundryApp/vendor/laravel/framework/src/Illuminate/Pipeline/Pipeline.php(183): Illuminate\\Routing\\Middleware\\SubstituteBindings->handle()
#12 /var/www/html/laundryApp/vendor/laravel/framework/src/Illuminate/Auth/Middleware/Authenticate.php(57): Illuminate\\Pipeline\\Pipeline->Illuminate\\Pipeline\\{closure}()
#13 /var/www/html/laundryApp/vendor/laravel/framework/src/Illuminate/Pipeline/Pipeline.php(183): Illuminate\\Auth\\Middleware\\Authenticate->handle()
#14 /var/www/html/laundryApp/vendor/laravel/framework/src/Illuminate/Foundation/Http/Middleware/VerifyCsrfToken.php(78): Illuminate\\Pipeline\\Pipeline->Illuminate\\Pipeline\\{closure}()
#15 /var/www/html/laundryApp/vendor/laravel/framework/src/Illuminate/Pipeline/Pipeline.php(183): Illuminate\\Foundation\\Http\\Middleware\\VerifyCsrfToken->handle()
#16 /var/www/html/laundryApp/vendor/laravel/framework/src/Illuminate/View/Middleware/ShareErrorsFromSession.php(49): Illuminate\\Pipeline\\Pipeline->Illuminate\\Pipeline\\{closure}()
#17 /var/www/html/laundryApp/vendor/laravel/framework/src/Illuminate/Pipeline/Pipeline.php(183): Illuminate\\View\\Middleware\\ShareErrorsFromSession->handle()
#18 /var/www/html/laundryApp/vendor/laravel/framework/src/Illuminate/Session/Middleware/StartSession.php(121): Illuminate\\Pipeline\\Pipeline->Illuminate\\Pipeline\\{closure}()
#19 /var/www/html/laundryApp/vendor/laravel/framework/src/Illuminate/Session/Middleware/StartSession.php(64): Illuminate\\Session\\Middleware\\StartSession->handleStatefulRequest()
#20 /var/www/html/laundryApp/vendor/laravel/framework/src/Illuminate/Pipeline/Pipeline.php(183): Illuminate\\Session\\Middleware\\StartSession->handle()
#21 /var/www/html/laundryApp/vendor/laravel/framework/src/Illuminate/Cookie/Middleware/AddQueuedCookiesToResponse.php(37): Illuminate\\Pipeline\\Pipeline->Illuminate\\Pipeline\\{closure}()
#22 /var/www/html/laundryApp/vendor/laravel/framework/src/Illuminate/Pipeline/Pipeline.php(183): Illuminate\\Cookie\\Middleware\\AddQueuedCookiesToResponse->handle()
#23 /var/www/html/laundryApp/vendor/laravel/framework/src/Illuminate/Cookie/Middleware/EncryptCookies.php(67): Illuminate\\Pipeline\\Pipeline->Illuminate\\Pipeline\\{closure}()
#24 /var/www/html/laundryApp/vendor/laravel/framework/src/Illuminate/Pipeline/Pipeline.php(183): Illuminate\\Cookie\\Middleware\\EncryptCookies->handle()
#25 /var/www/html/laundryApp/vendor/laravel/framework/src/Illuminate/Pipeline/Pipeline.php(119): Illuminate\\Pipeline\\Pipeline->Illuminate\\Pipeline\\{closure}()
#26 /var/www/html/laundryApp/vendor/laravel/framework/src/Illuminate/Routing/Router.php(805): Illuminate\\Pipeline\\Pipeline->then()
#27 /var/www/html/laundryApp/vendor/laravel/framework/src/Illuminate/Routing/Router.php(784): Illuminate\\Routing\\Router->runRouteWithinStack()
#28 /var/www/html/laundryApp/vendor/laravel/framework/src/Illuminate/Routing/Router.php(748): Illuminate\\Routing\\Router->runRoute()
#29 /var/www/html/laundryApp/vendor/laravel/framework/src/Illuminate/Routing/Router.php(737): Illuminate\\Routing\\Router->dispatchToRoute()
#30 /var/www/html/laundryApp/vendor/laravel/framework/src/Illuminate/Foundation/Http/Kernel.php(200): Illuminate\\Routing\\Router->dispatch()
#31 /var/www/html/laundryApp/vendor/laravel/framework/src/Illuminate/Pipeline/Pipeline.php(144): Illuminate\\Foundation\\Http\\Kernel->Illuminate\\Foundation\\Http\\{closure}()
#32 /var/www/html/laundryApp/vendor/laravel/framework/src/Illuminate/Foundation/Http/Middleware/TransformsRequest.php(21): Illuminate\\Pipeline\\Pipeline->Illuminate\\Pipeline\\{closure}()
#33 /var/www/html/laundryApp/vendor/laravel/framework/src/Illuminate/Foundation/Http/Middleware/ConvertEmptyStringsToNull.php(31): Illuminate\\Foundation\\Http\\Middleware\\TransformsRequest->handle()
#34 /var/www/html/laundryApp/vendor/laravel/framework/src/Illuminate/Pipeline/Pipeline.php(183): Illuminate\\Foundation\\Http\\Middleware\\ConvertEmptyStringsToNull->handle()
#35 /var/www/html/laundryApp/vendor/laravel/framework/src/Illuminate/Foundation/Http/Middleware/TransformsRequest.php(21): Illuminate\\Pipeline\\Pipeline->Illuminate\\Pipeline\\{closure}()
#36 /var/www/html/laundryApp/vendor/laravel/framework/src/Illuminate/Foundation/Http/Middleware/TrimStrings.php(40): Illuminate\\Foundation\\Http\\Middleware\\TransformsRequest->handle()
#37 /var/www/html/laundryApp/vendor/laravel/framework/src/Illuminate/Pipeline/Pipeline.php(183): Illuminate\\Foundation\\Http\\Middleware\\TrimStrings->handle()
#38 /var/www/html/laundryApp/vendor/laravel/framework/src/Illuminate/Foundation/Http/Middleware/ValidatePostSize.php(27): Illuminate\\Pipeline\\Pipeline->Illuminate\\Pipeline\\{closure}()
#39 /var/www/html/laundryApp/vendor/laravel/framework/src/Illuminate/Pipeline/Pipeline.php(183): Illuminate\\Foundation\\Http\\Middleware\\ValidatePostSize->handle()
#40 /var/www/html/laundryApp/vendor/laravel/framework/src/Illuminate/Foundation/Http/Middleware/PreventRequestsDuringMaintenance.php(99): Illuminate\\Pipeline\\Pipeline->Illuminate\\Pipeline\\{closure}()
#41 /var/www/html/laundryApp/vendor/laravel/framework/src/Illuminate/Pipeline/Pipeline.php(183): Illuminate\\Foundation\\Http\\Middleware\\PreventRequestsDuringMaintenance->handle()
#42 /var/www/html/laundryApp/vendor/laravel/framework/src/Illuminate/Http/Middleware/HandleCors.php(49): Illuminate\\Pipeline\\Pipeline->Illuminate\\Pipeline\\{closure}()
#43 /var/www/html/laundryApp/vendor/laravel/framework/src/Illuminate/Pipeline/Pipeline.php(183): Illuminate\\Http\\Middleware\\HandleCors->handle()
#44 /var/www/html/laundryApp/vendor/laravel/framework/src/Illuminate/Http/Middleware/TrustProxies.php(39): Illuminate\\Pipeline\\Pipeline->Illuminate\\Pipeline\\{closure}()
#45 /var/www/html/laundryApp/vendor/laravel/framework/src/Illuminate/Pipeline/Pipeline.php(183): Illuminate\\Http\\Middleware\\TrustProxies->handle()
#46 /var/www/html/laundryApp/vendor/laravel/framework/src/Illuminate/Pipeline/Pipeline.php(119): Illuminate\\Pipeline\\Pipeline->Illuminate\\Pipeline\\{closure}()
#47 /var/www/html/laundryApp/vendor/laravel/framework/src/Illuminate/Foundation/Http/Kernel.php(175): Illuminate\\Pipeline\\Pipeline->then()
#48 /var/www/html/laundryApp/vendor/laravel/framework/src/Illuminate/Foundation/Http/Kernel.php(144): Illuminate\\Foundation\\Http\\Kernel->sendRequestThroughRouter()
#49 /var/www/html/laundryApp/public/index.php(51): Illuminate\\Foundation\\Http\\Kernel->handle()
#50 /var/www/html/laundryApp/vendor/laravel/framework/src/Illuminate/Foundation/resources/server.php(16): require_once('...')
#51 {main}
"} 
