[2025-12-12 16:10:50] local.INFO: handReaderScan called {"reads":[{"read_time":"2025-12-12T10:40:50Z","qty":1,"epc":"E2004700BA71662B01EC81F7"}],"android_id":"73e7ecaeff3b1b4d","defaultMovementAction":"outward","min_scan_interval":2}  
[2025-12-12 16:10:50] local.INFO: handReaderScan payload: {"reads":[{"read_time":"2025-12-12T10:40:50Z","qty":1,"epc":"E2004700BA71662B01EC81F7"}],"android_id":"73e7ecaeff3b1b4d","defaultMovementAction":"outward","min_scan_interval":2}  
[2025-12-12 16:12:22] local.INFO: handReaderScan called {"reads":[{"read_time":"2025-12-12T10:42:22Z","qty":1,"epc":"E2004700BA71662B01EC81F7"}],"android_id":"73e7ecaeff3b1b4d","defaultMovementAction":"outward","min_scan_interval":2}  
[2025-12-12 16:12:22] local.INFO: handReaderScan payload: {"reads":[{"read_time":"2025-12-12T10:42:22Z","qty":1,"epc":"E2004700BA71662B01EC81F7"}],"android_id":"73e7ecaeff3b1b4d","defaultMovementAction":"outward","min_scan_interval":2}  
[2025-12-12 16:58:19] local.INFO: --- CHECK UPDATE CALLED --- {"incoming_request":{"current_version_code":1,"device_id":"edac0b27b6545fcc"}} 
[2025-12-12 16:58:19] local.INFO: Validated request {"device_id":"edac0b27b6545fcc","current_version_code":1} 
[2025-12-12 16:58:19] local.WARNING: Device not found {"device_id":"edac0b27b6545fcc"} 
[2025-12-12 16:58:26] local.INFO: --- CHECK UPDATE CALLED --- {"incoming_request":{"current_version_code":1,"device_id":"edac0b27b6545fcc"}} 
[2025-12-12 16:58:26] local.INFO: Validated request {"device_id":"edac0b27b6545fcc","current_version_code":1} 
[2025-12-12 16:58:26] local.WARNING: Device not found {"device_id":"edac0b27b6545fcc"} 
[2025-12-12 16:59:05] local.INFO: --- CHECK UPDATE CALLED --- {"incoming_request":{"current_version_code":1,"device_id":"73e7ecaeff3b1b4d"}} 
[2025-12-12 16:59:05] local.INFO: Validated request {"device_id":"73e7ecaeff3b1b4d","current_version_code":1} 
[2025-12-12 16:59:05] local.INFO: Device found {"device_id":"73e7ecaeff3b1b4d","registered_version_code":1,"is_update_required_flag":0} 
[2025-12-12 16:59:05] local.INFO: Device is up to date {"device_id":"73e7ecaeff3b1b4d","current_version":1} 
[2025-12-12 16:59:32] local.INFO: User login attempt {"license_key":"73E7-T75B77-1686-1626-D874","username":"admin"} 
[2025-12-12 16:59:32] local.INFO: User login response data {"user_id":51,"data":{"user":{"name":"Bangalore admin","email":"admin@gmail.com","user_code":"USR-ADKU1CW","location_id":3,"location_name":"Electronic City","working_stages":[],"role":{"App\\Models\\user_management\\Role":{"role_id":13,"role_name":"Palnt Admin","role_code":"ROL-ADIN9A3"}},"api_key":"XDdZMI4IrtC0Wc4XsJI5vzjLrVdrY2U4en3me1ckxhKZDGgnge2VUVbeTHJO"},"permissions":{"users":["create.users","view.users","edit.users","delete.users"],"dashboard":["view.dashboard_admin"],"config_settings":["create.config_settings","view.config_settings","edit.config_settings","delete.config_settings"],"products":["view.products","create.products","edit.products","delete.products"],"reports":["view.reports"],"locations":["locations.view","locations.edit"],"inventory":["view.inventory","create.inventory","edit.inventory","delete.inventory","write.inventory","lock.inventory"]},"token":"827|w5f5N0u94F7mCpHUDV8ZqjXIgcJzQjVYxIQnbUKCfe7e5813"}} 
[2025-12-12 16:59:32] local.INFO: User login successful {"user_id":51,"license_key":"73E7-T75B77-1686-1626-D874"} 
[2025-12-12 16:59:34] local.INFO: --- CHECK UPDATE CALLED --- {"incoming_request":{"current_version_code":1,"device_id":"73e7ecaeff3b1b4d"}} 
[2025-12-12 16:59:34] local.INFO: Validated request {"device_id":"73e7ecaeff3b1b4d","current_version_code":1} 
[2025-12-12 16:59:34] local.INFO: Device found {"device_id":"73e7ecaeff3b1b4d","registered_version_code":1,"is_update_required_flag":0} 
[2025-12-12 16:59:34] local.INFO: Device is up to date {"device_id":"73e7ecaeff3b1b4d","current_version":1} 
[2025-12-12 16:59:41] local.INFO: Fetching tag details for EPC: E2004700BA71662B01EC81F7  
[2025-12-12 16:59:41] local.INFO: tagDetailsByEpc response: {"success":true,"message":"Tag details loaded","inventory":{"id":20,"epc_code":"E2004700BA71662B01EC81F7","tag_code":null,"product_id":3,"location_id":3,"status":"clean","status_text":"Clean","last_scanned_at":"2025-12-12T05:00:55.000000Z","mapped_at":"2025-12-12T10:03:32.000000Z","product_name":"Badsheet2","product_code":"","category":"Badsheet2","sku":"343453S"},"product":{"id":1,"product_name":"Badsheet2","product_code":"","sku":"343453S","category":"Badsheet2"},"history":[{"trans_id":107,"product_id":3,"inventory_id":20,"adjust_qty":1,"inward":0,"outward":1,"opening_stock":2,"closing_stock":1,"trans_type":"status_clean_out","remarks":"Auto movement: dirty \u2192 clean","status":true,"location_id":3,"created_by":null,"updated_by":null,"created_at":"2025-12-12T10:30:55.000000Z","updated_at":"2025-12-12T10:30:55.000000Z"},{"trans_id":106,"product_id":3,"inventory_id":20,"adjust_qty":1,"inward":1,"outward":0,"opening_stock":1,"closing_stock":2,"trans_type":"status_dirty_in","remarks":"Auto movement: clean \u2192 dirty","status":true,"location_id":3,"created_by":null,"updated_by":null,"created_at":"2025-12-12T10:29:03.000000Z","updated_at":"2025-12-12T10:29:03.000000Z"},{"trans_id":105,"product_id":3,"inventory_id":20,"adjust_qty":1,"inward":1,"outward":0,"opening_stock":0,"closing_stock":1,"trans_type":"tag_mapping","remarks":"Tag created & assigned","status":true,"location_id":3,"created_by":51,"updated_by":51,"created_at":"2025-12-12T10:03:32.000000Z","updated_at":"2025-12-12T10:03:32.000000Z"}]}  
[2025-12-12 17:08:00] local.INFO: --- CHECK UPDATE CALLED --- {"incoming_request":{"current_version_code":1,"device_id":"73e7ecaeff3b1b4d"}} 
[2025-12-12 17:08:00] local.INFO: Validated request {"device_id":"73e7ecaeff3b1b4d","current_version_code":1} 
[2025-12-12 17:08:00] local.INFO: Device found {"device_id":"73e7ecaeff3b1b4d","registered_version_code":1,"is_update_required_flag":0} 
[2025-12-12 17:08:00] local.INFO: Device is up to date {"device_id":"73e7ecaeff3b1b4d","current_version":1} 
[2025-12-12 17:08:03] local.INFO: User login attempt {"license_key":"73E7-T75B77-1686-1626-D874","username":"admin"} 
[2025-12-12 17:08:03] local.INFO: User login response data {"user_id":51,"data":{"user":{"name":"Bangalore admin","email":"admin@gmail.com","user_code":"USR-ADKU1CW","location_id":3,"location_name":"Electronic City","working_stages":[],"role":{"App\\Models\\user_management\\Role":{"role_id":13,"role_name":"Palnt Admin","role_code":"ROL-ADIN9A3"}},"api_key":"XDdZMI4IrtC0Wc4XsJI5vzjLrVdrY2U4en3me1ckxhKZDGgnge2VUVbeTHJO"},"permissions":{"users":["create.users","view.users","edit.users","delete.users"],"dashboard":["view.dashboard_admin"],"config_settings":["create.config_settings","view.config_settings","edit.config_settings","delete.config_settings"],"products":["view.products","create.products","edit.products","delete.products"],"reports":["view.reports"],"locations":["locations.view","locations.edit"],"inventory":["view.inventory","create.inventory","edit.inventory","delete.inventory","write.inventory","lock.inventory"]},"token":"828|wsAmFWOPjANchKcUdK7NM36Z1K2Hh6oZKjo9jVnIa6162e6d"}} 
[2025-12-12 17:08:03] local.INFO: User login successful {"user_id":51,"license_key":"73E7-T75B77-1686-1626-D874"} 
[2025-12-12 17:08:05] local.INFO: --- CHECK UPDATE CALLED --- {"incoming_request":{"current_version_code":1,"device_id":"73e7ecaeff3b1b4d"}} 
[2025-12-12 17:08:05] local.INFO: Validated request {"device_id":"73e7ecaeff3b1b4d","current_version_code":1} 
[2025-12-12 17:08:05] local.INFO: Device found {"device_id":"73e7ecaeff3b1b4d","registered_version_code":1,"is_update_required_flag":0} 
[2025-12-12 17:08:05] local.INFO: Device is up to date {"device_id":"73e7ecaeff3b1b4d","current_version":1} 
[2025-12-12 17:17:37] local.INFO: --- CHECK UPDATE CALLED --- {"incoming_request":{"current_version_code":1,"device_id":"73e7ecaeff3b1b4d"}} 
[2025-12-12 17:17:37] local.INFO: Validated request {"device_id":"73e7ecaeff3b1b4d","current_version_code":1} 
[2025-12-12 17:17:37] local.INFO: Device found {"device_id":"73e7ecaeff3b1b4d","registered_version_code":1,"is_update_required_flag":0} 
[2025-12-12 17:17:37] local.INFO: Device is up to date {"device_id":"73e7ecaeff3b1b4d","current_version":1} 
[2025-12-12 17:17:43] local.INFO: User login attempt {"license_key":"73E7-T75B77-1686-1626-D874","username":"admin"} 
[2025-12-12 17:17:43] local.INFO: User login response data {"user_id":51,"data":{"user":{"name":"Bangalore admin","email":"admin@gmail.com","user_code":"USR-ADKU1CW","location_id":3,"location_name":"Electronic City","working_stages":[],"role":{"App\\Models\\user_management\\Role":{"role_id":13,"role_name":"Palnt Admin","role_code":"ROL-ADIN9A3"}},"api_key":"XDdZMI4IrtC0Wc4XsJI5vzjLrVdrY2U4en3me1ckxhKZDGgnge2VUVbeTHJO"},"permissions":{"users":["create.users","view.users","edit.users","delete.users"],"dashboard":["view.dashboard_admin"],"config_settings":["create.config_settings","view.config_settings","edit.config_settings","delete.config_settings"],"products":["view.products","create.products","edit.products","delete.products"],"reports":["view.reports"],"locations":["locations.view","locations.edit"],"inventory":["view.inventory","create.inventory","edit.inventory","delete.inventory","write.inventory","lock.inventory"]},"token":"829|RDXcfEMqWnx2SJXqt56axxZXOFGmt2DU4dYvvIG28d6565a9"}} 
[2025-12-12 17:17:43] local.INFO: User login successful {"user_id":51,"license_key":"73E7-T75B77-1686-1626-D874"} 
[2025-12-12 17:17:45] local.INFO: --- CHECK UPDATE CALLED --- {"incoming_request":{"current_version_code":1,"device_id":"73e7ecaeff3b1b4d"}} 
[2025-12-12 17:17:45] local.INFO: Validated request {"device_id":"73e7ecaeff3b1b4d","current_version_code":1} 
[2025-12-12 17:17:45] local.INFO: Device found {"device_id":"73e7ecaeff3b1b4d","registered_version_code":1,"is_update_required_flag":0} 
[2025-12-12 17:17:45] local.INFO: Device is up to date {"device_id":"73e7ecaeff3b1b4d","current_version":1} 
[2025-12-12 17:58:07] local.INFO: --- CHECK UPDATE CALLED --- {"incoming_request":{"current_version_code":1,"device_id":"73e7ecaeff3b1b4d"}} 
[2025-12-12 17:58:07] local.INFO: Validated request {"device_id":"73e7ecaeff3b1b4d","current_version_code":1} 
[2025-12-12 17:58:07] local.INFO: Device found {"device_id":"73e7ecaeff3b1b4d","registered_version_code":1,"is_update_required_flag":0} 
[2025-12-12 17:58:07] local.INFO: Device is up to date {"device_id":"73e7ecaeff3b1b4d","current_version":1} 
[2025-12-12 17:59:29] local.INFO: User login attempt {"license_key":"73E7-T75B77-1686-1626-D874","username":"admin"} 
[2025-12-12 17:59:29] local.INFO: User login response data {"user_id":51,"data":{"user":{"name":"Bangalore admin","email":"admin@gmail.com","user_code":"USR-ADKU1CW","location_id":3,"location_name":"Electronic City","working_stages":[],"role":{"App\\Models\\user_management\\Role":{"role_id":13,"role_name":"Palnt Admin","role_code":"ROL-ADIN9A3"}},"api_key":"XDdZMI4IrtC0Wc4XsJI5vzjLrVdrY2U4en3me1ckxhKZDGgnge2VUVbeTHJO"},"permissions":{"users":["create.users","view.users","edit.users","delete.users"],"dashboard":["view.dashboard_admin"],"config_settings":["create.config_settings","view.config_settings","edit.config_settings","delete.config_settings"],"products":["view.products","create.products","edit.products","delete.products"],"reports":["view.reports"],"locations":["locations.view","locations.edit"],"inventory":["view.inventory","create.inventory","edit.inventory","delete.inventory","write.inventory","lock.inventory"]},"token":"830|ERvVZxGicoTnmSpw4EpnzcC97EpN7LZbjKtiHzpDb66fc859"}} 
[2025-12-12 17:59:29] local.INFO: User login successful {"user_id":51,"license_key":"73E7-T75B77-1686-1626-D874"} 
[2025-12-12 17:59:31] local.INFO: --- CHECK UPDATE CALLED --- {"incoming_request":{"current_version_code":1,"device_id":"73e7ecaeff3b1b4d"}} 
[2025-12-12 17:59:31] local.INFO: Validated request {"device_id":"73e7ecaeff3b1b4d","current_version_code":1} 
[2025-12-12 17:59:31] local.INFO: Device found {"device_id":"73e7ecaeff3b1b4d","registered_version_code":1,"is_update_required_flag":0} 
[2025-12-12 17:59:31] local.INFO: Device is up to date {"device_id":"73e7ecaeff3b1b4d","current_version":1} 
[2025-12-12 17:59:57] local.INFO: getProducts: {"limit":20,"page":1,"search":null,"status":"all"}  
[2025-12-12 17:59:57] local.INFO: Products fetched response [{"id":2,"product_name":"Badsheet","product_code":"SKU-BED-01","category":"Badsheet","price":0,"expected_life_cycles":1000,"quantity":0,"last_activity":{"trans_type":null,"inward":0,"outward":0,"opening_stock":0,"closing_stock":0,"at":null}},{"id":3,"product_name":"Pillow Cover","product_code":"SKU-BED-02","category":"Pillow Cover","price":0,"expected_life_cycles":1000,"quantity":1,"last_activity":{"trans_type":"status_clean_out","inward":0,"outward":1,"opening_stock":2,"closing_stock":1,"at":"2025-12-12 16:00:55"}},{"id":4,"product_name":"Towel","product_code":"SKU-BED-03","category":"Towel","price":0,"expected_life_cycles":1000,"quantity":0,"last_activity":{"trans_type":null,"inward":0,"outward":0,"opening_stock":0,"closing_stock":0,"at":null}},{"id":5,"product_name":"Blanket","product_code":"SKU-BED-04","category":"Blanket","price":0,"expected_life_cycles":1000,"quantity":3,"last_activity":{"trans_type":"status_dirty_in","inward":1,"outward":0,"opening_stock":-1,"closing_stock":0,"at":"2025-12-11 20:00:12"}},{"id":6,"product_name":"Patient Gown","product_code":"SKU-BED-05","category":"Patient Gown","price":0,"expected_life_cycles":1000,"quantity":0,"last_activity":{"trans_type":null,"inward":0,"outward":0,"opening_stock":0,"closing_stock":0,"at":null}},{"id":1,"product_name":"Badsheet2","product_code":"343453S","category":"Badsheet2","price":0,"expected_life_cycles":1000,"quantity":0,"last_activity":{"trans_type":null,"inward":0,"outward":0,"opening_stock":0,"closing_stock":0,"at":null}}]  
[2025-12-12 18:12:32] local.INFO: --- CHECK UPDATE CALLED --- {"incoming_request":{"current_version_code":1,"device_id":"73e7ecaeff3b1b4d"}} 
[2025-12-12 18:12:32] local.INFO: Validated request {"device_id":"73e7ecaeff3b1b4d","current_version_code":1} 
[2025-12-12 18:12:32] local.INFO: Device found {"device_id":"73e7ecaeff3b1b4d","registered_version_code":1,"is_update_required_flag":0} 
[2025-12-12 18:12:32] local.INFO: Device is up to date {"device_id":"73e7ecaeff3b1b4d","current_version":1} 
[2025-12-12 18:12:47] local.INFO: User login attempt {"license_key":"73E7-T75B77-1686-1626-D874","username":"admin"} 
[2025-12-12 18:12:47] local.INFO: User login response data {"user_id":51,"data":{"user":{"name":"Bangalore admin","email":"admin@gmail.com","user_code":"USR-ADKU1CW","location_id":3,"location_name":"Electronic City","working_stages":[],"role":{"App\\Models\\user_management\\Role":{"role_id":13,"role_name":"Palnt Admin","role_code":"ROL-ADIN9A3"}},"api_key":"XDdZMI4IrtC0Wc4XsJI5vzjLrVdrY2U4en3me1ckxhKZDGgnge2VUVbeTHJO"},"permissions":{"users":["create.users","view.users","edit.users","delete.users"],"dashboard":["view.dashboard_admin"],"config_settings":["create.config_settings","view.config_settings","edit.config_settings","delete.config_settings"],"products":["view.products","create.products","edit.products","delete.products"],"reports":["view.reports"],"locations":["locations.view","locations.edit"],"inventory":["view.inventory","create.inventory","edit.inventory","delete.inventory","write.inventory","lock.inventory"]},"token":"831|7FZefRFNpRXCRSPX1Z48TXpV1obRbHi0UOQ5tFCO54f863f9"}} 
[2025-12-12 18:12:47] local.INFO: User login successful {"user_id":51,"license_key":"73E7-T75B77-1686-1626-D874"} 
[2025-12-12 18:12:49] local.INFO: --- CHECK UPDATE CALLED --- {"incoming_request":{"current_version_code":1,"device_id":"73e7ecaeff3b1b4d"}} 
[2025-12-12 18:12:49] local.INFO: Validated request {"device_id":"73e7ecaeff3b1b4d","current_version_code":1} 
[2025-12-12 18:12:49] local.INFO: Device found {"device_id":"73e7ecaeff3b1b4d","registered_version_code":1,"is_update_required_flag":0} 
[2025-12-12 18:12:49] local.INFO: Device is up to date {"device_id":"73e7ecaeff3b1b4d","current_version":1} 
[2025-12-12 18:24:19] local.INFO: --- CHECK UPDATE CALLED --- {"incoming_request":{"current_version_code":1,"device_id":"73e7ecaeff3b1b4d"}} 
[2025-12-12 18:24:19] local.INFO: Validated request {"device_id":"73e7ecaeff3b1b4d","current_version_code":1} 
[2025-12-12 18:24:19] local.INFO: Device found {"device_id":"73e7ecaeff3b1b4d","registered_version_code":1,"is_update_required_flag":0} 
[2025-12-12 18:24:19] local.INFO: Device is up to date {"device_id":"73e7ecaeff3b1b4d","current_version":1} 
[2025-12-12 18:25:00] local.INFO: User login attempt {"license_key":"73E7-T75B77-1686-1626-D874","username":"admin"} 
[2025-12-12 18:25:00] local.INFO: User login response data {"user_id":51,"data":{"user":{"name":"Bangalore admin","email":"admin@gmail.com","user_code":"USR-ADKU1CW","location_id":3,"location_name":"Electronic City","working_stages":[],"role":{"App\\Models\\user_management\\Role":{"role_id":13,"role_name":"Palnt Admin","role_code":"ROL-ADIN9A3"}},"api_key":"XDdZMI4IrtC0Wc4XsJI5vzjLrVdrY2U4en3me1ckxhKZDGgnge2VUVbeTHJO"},"permissions":{"users":["create.users","view.users","edit.users","delete.users"],"dashboard":["view.dashboard_admin"],"config_settings":["create.config_settings","view.config_settings","edit.config_settings","delete.config_settings"],"products":["view.products","create.products","edit.products","delete.products"],"reports":["view.reports"],"locations":["locations.view","locations.edit"],"inventory":["view.inventory","create.inventory","edit.inventory","delete.inventory","write.inventory","lock.inventory"]},"token":"832|PUZgy5AjODGc9wzIt0CAGQvrXoPn2B9zpJmR3QP1899e8a7e"}} 
[2025-12-12 18:25:00] local.INFO: User login successful {"user_id":51,"license_key":"73E7-T75B77-1686-1626-D874"} 
[2025-12-12 18:25:01] local.INFO: --- CHECK UPDATE CALLED --- {"incoming_request":{"current_version_code":1,"device_id":"73e7ecaeff3b1b4d"}} 
[2025-12-12 18:25:01] local.INFO: Validated request {"device_id":"73e7ecaeff3b1b4d","current_version_code":1} 
[2025-12-12 18:25:01] local.INFO: Device found {"device_id":"73e7ecaeff3b1b4d","registered_version_code":1,"is_update_required_flag":0} 
[2025-12-12 18:25:01] local.INFO: Device is up to date {"device_id":"73e7ecaeff3b1b4d","current_version":1} 
[2025-12-12 18:26:03] local.INFO: User login attempt {"license_key":"73E7-T75B77-1686-1626-D874","username":"admin"} 
[2025-12-12 18:26:03] local.INFO: User login response data {"user_id":51,"data":{"user":{"name":"Bangalore admin","email":"admin@gmail.com","user_code":"USR-ADKU1CW","location_id":3,"location_name":"Electronic City","working_stages":[],"role":{"App\\Models\\user_management\\Role":{"role_id":13,"role_name":"Palnt Admin","role_code":"ROL-ADIN9A3"}},"api_key":"XDdZMI4IrtC0Wc4XsJI5vzjLrVdrY2U4en3me1ckxhKZDGgnge2VUVbeTHJO"},"permissions":{"users":["create.users","view.users","edit.users","delete.users"],"dashboard":["view.dashboard_admin"],"config_settings":["create.config_settings","view.config_settings","edit.config_settings","delete.config_settings"],"products":["view.products","create.products","edit.products","delete.products"],"reports":["view.reports"],"locations":["locations.view","locations.edit"],"inventory":["view.inventory","create.inventory","edit.inventory","delete.inventory","write.inventory","lock.inventory"]},"token":"833|GTveFbDHaqB9mJ3M9Unb3EB0LBWkdrW5fyTa9vxl20031b01"}} 
[2025-12-12 18:26:03] local.INFO: User login successful {"user_id":51,"license_key":"73E7-T75B77-1686-1626-D874"} 
[2025-12-12 18:26:08] local.INFO: User login attempt {"license_key":"73E7-T75B77-1686-1626-D874","username":"admin"} 
[2025-12-12 18:26:08] local.INFO: User login response data {"user_id":51,"data":{"user":{"name":"Bangalore admin","email":"admin@gmail.com","user_code":"USR-ADKU1CW","location_id":3,"location_name":"Electronic City","working_stages":[],"role":{"App\\Models\\user_management\\Role":{"role_id":13,"role_name":"Palnt Admin","role_code":"ROL-ADIN9A3"}},"api_key":"XDdZMI4IrtC0Wc4XsJI5vzjLrVdrY2U4en3me1ckxhKZDGgnge2VUVbeTHJO"},"permissions":{"users":["create.users","view.users","edit.users","delete.users"],"dashboard":["view.dashboard_admin"],"config_settings":["create.config_settings","view.config_settings","edit.config_settings","delete.config_settings"],"products":["view.products","create.products","edit.products","delete.products"],"reports":["view.reports"],"locations":["locations.view","locations.edit"],"inventory":["view.inventory","create.inventory","edit.inventory","delete.inventory","write.inventory","lock.inventory"]},"token":"834|7uBrxWF3KhDUUCACE84YqkfawLC8SrrW9B81slDvefae3108"}} 
[2025-12-12 18:26:08] local.INFO: User login successful {"user_id":51,"license_key":"73E7-T75B77-1686-1626-D874"} 
[2025-12-12 18:26:08] local.INFO: --- CHECK UPDATE CALLED --- {"incoming_request":{"current_version_code":1,"device_id":"73e7ecaeff3b1b4d"}} 
[2025-12-12 18:26:08] local.INFO: Validated request {"device_id":"73e7ecaeff3b1b4d","current_version_code":1} 
[2025-12-12 18:26:08] local.INFO: Device found {"device_id":"73e7ecaeff3b1b4d","registered_version_code":1,"is_update_required_flag":0} 
[2025-12-12 18:26:08] local.INFO: Device is up to date {"device_id":"73e7ecaeff3b1b4d","current_version":1} 
[2025-12-12 18:26:10] local.INFO: --- CHECK UPDATE CALLED --- {"incoming_request":{"current_version_code":1,"device_id":"73e7ecaeff3b1b4d"}} 
[2025-12-12 18:26:10] local.INFO: Validated request {"device_id":"73e7ecaeff3b1b4d","current_version_code":1} 
[2025-12-12 18:26:10] local.INFO: Device found {"device_id":"73e7ecaeff3b1b4d","registered_version_code":1,"is_update_required_flag":0} 
[2025-12-12 18:26:10] local.INFO: Device is up to date {"device_id":"73e7ecaeff3b1b4d","current_version":1} 
[2025-12-12 18:34:23] local.INFO: --- CHECK UPDATE CALLED --- {"incoming_request":{"current_version_code":1,"device_id":"73e7ecaeff3b1b4d"}} 
[2025-12-12 18:34:23] local.INFO: Validated request {"device_id":"73e7ecaeff3b1b4d","current_version_code":1} 
[2025-12-12 18:34:23] local.INFO: Device found {"device_id":"73e7ecaeff3b1b4d","registered_version_code":1,"is_update_required_flag":0} 
[2025-12-12 18:34:23] local.INFO: Device is up to date {"device_id":"73e7ecaeff3b1b4d","current_version":1} 
[2025-12-12 18:34:26] local.INFO: User login attempt {"license_key":"73E7-T75B77-1686-1626-D874","username":"admin"} 
[2025-12-12 18:34:26] local.INFO: User login response data {"user_id":51,"data":{"user":{"name":"Bangalore admin","email":"admin@gmail.com","user_code":"USR-ADKU1CW","location_id":3,"location_name":"Electronic City","working_stages":[],"role":{"App\\Models\\user_management\\Role":{"role_id":13,"role_name":"Palnt Admin","role_code":"ROL-ADIN9A3"}},"api_key":"XDdZMI4IrtC0Wc4XsJI5vzjLrVdrY2U4en3me1ckxhKZDGgnge2VUVbeTHJO"},"permissions":{"users":["create.users","view.users","edit.users","delete.users"],"dashboard":["view.dashboard_admin"],"config_settings":["create.config_settings","view.config_settings","edit.config_settings","delete.config_settings"],"products":["view.products","create.products","edit.products","delete.products"],"reports":["view.reports"],"locations":["locations.view","locations.edit"],"inventory":["view.inventory","create.inventory","edit.inventory","delete.inventory","write.inventory","lock.inventory"]},"token":"835|5PoAhuKLw9d2q9byIrmuclp303GF7YEhXITii8F71c353995"}} 
[2025-12-12 18:34:26] local.INFO: User login successful {"user_id":51,"license_key":"73E7-T75B77-1686-1626-D874"} 
[2025-12-12 18:34:28] local.INFO: --- CHECK UPDATE CALLED --- {"incoming_request":{"current_version_code":1,"device_id":"73e7ecaeff3b1b4d"}} 
[2025-12-12 18:34:28] local.INFO: Validated request {"device_id":"73e7ecaeff3b1b4d","current_version_code":1} 
[2025-12-12 18:34:28] local.INFO: Device found {"device_id":"73e7ecaeff3b1b4d","registered_version_code":1,"is_update_required_flag":0} 
[2025-12-12 18:34:28] local.INFO: Device is up to date {"device_id":"73e7ecaeff3b1b4d","current_version":1} 
[2025-12-12 18:46:20] local.INFO: --- CHECK UPDATE CALLED --- {"incoming_request":{"current_version_code":1,"device_id":"73e7ecaeff3b1b4d"}} 
[2025-12-12 18:46:20] local.INFO: Validated request {"device_id":"73e7ecaeff3b1b4d","current_version_code":1} 
[2025-12-12 18:46:20] local.INFO: Device found {"device_id":"73e7ecaeff3b1b4d","registered_version_code":1,"is_update_required_flag":0} 
[2025-12-12 18:46:20] local.INFO: Device is up to date {"device_id":"73e7ecaeff3b1b4d","current_version":1} 
[2025-12-12 18:46:22] local.INFO: User login attempt {"license_key":"73E7-T75B77-1686-1626-D874","username":"admin"} 
[2025-12-12 18:46:22] local.INFO: User login response data {"user_id":51,"data":{"user":{"name":"Bangalore admin","email":"admin@gmail.com","user_code":"USR-ADKU1CW","location_id":3,"location_name":"Electronic City","working_stages":[],"role":{"App\\Models\\user_management\\Role":{"role_id":13,"role_name":"Palnt Admin","role_code":"ROL-ADIN9A3"}},"api_key":"XDdZMI4IrtC0Wc4XsJI5vzjLrVdrY2U4en3me1ckxhKZDGgnge2VUVbeTHJO"},"permissions":{"users":["create.users","view.users","edit.users","delete.users"],"dashboard":["view.dashboard_admin"],"config_settings":["create.config_settings","view.config_settings","edit.config_settings","delete.config_settings"],"products":["view.products","create.products","edit.products","delete.products"],"reports":["view.reports"],"locations":["locations.view","locations.edit"],"inventory":["view.inventory","create.inventory","edit.inventory","delete.inventory","write.inventory","lock.inventory"]},"token":"836|YTv4zekKzFzLpOxlrzCw5tW40JiPWVet17nV3qak22a79fe7"}} 
[2025-12-12 18:46:22] local.INFO: User login successful {"user_id":51,"license_key":"73E7-T75B77-1686-1626-D874"} 
[2025-12-12 18:46:24] local.INFO: --- CHECK UPDATE CALLED --- {"incoming_request":{"current_version_code":1,"device_id":"73e7ecaeff3b1b4d"}} 
[2025-12-12 18:46:24] local.INFO: Validated request {"device_id":"73e7ecaeff3b1b4d","current_version_code":1} 
[2025-12-12 18:46:24] local.INFO: Device found {"device_id":"73e7ecaeff3b1b4d","registered_version_code":1,"is_update_required_flag":0} 
[2025-12-12 18:46:24] local.INFO: Device is up to date {"device_id":"73e7ecaeff3b1b4d","current_version":1} 
[2025-12-12 18:46:31] local.INFO: Fetching tag details for EPC: E2806A960000500355966C7B  
[2025-12-12 18:58:38] local.INFO: --- CHECK UPDATE CALLED --- {"incoming_request":{"current_version_code":1,"device_id":"73e7ecaeff3b1b4d"}} 
[2025-12-12 18:58:38] local.INFO: Validated request {"device_id":"73e7ecaeff3b1b4d","current_version_code":1} 
[2025-12-12 18:58:38] local.INFO: Device found {"device_id":"73e7ecaeff3b1b4d","registered_version_code":1,"is_update_required_flag":0} 
[2025-12-12 18:58:38] local.INFO: Device is up to date {"device_id":"73e7ecaeff3b1b4d","current_version":1} 
[2025-12-12 18:58:41] local.INFO: User login attempt {"license_key":"73E7-T75B77-1686-1626-D874","username":"admin"} 
[2025-12-12 18:58:41] local.INFO: User login response data {"user_id":51,"data":{"user":{"name":"Bangalore admin","email":"admin@gmail.com","user_code":"USR-ADKU1CW","location_id":3,"location_name":"Electronic City","working_stages":[],"role":{"App\\Models\\user_management\\Role":{"role_id":13,"role_name":"Palnt Admin","role_code":"ROL-ADIN9A3"}},"api_key":"XDdZMI4IrtC0Wc4XsJI5vzjLrVdrY2U4en3me1ckxhKZDGgnge2VUVbeTHJO"},"permissions":{"users":["create.users","view.users","edit.users","delete.users"],"dashboard":["view.dashboard_admin"],"config_settings":["create.config_settings","view.config_settings","edit.config_settings","delete.config_settings"],"products":["view.products","create.products","edit.products","delete.products"],"reports":["view.reports"],"locations":["locations.view","locations.edit"],"inventory":["view.inventory","create.inventory","edit.inventory","delete.inventory","write.inventory","lock.inventory"]},"token":"837|vNDeZ4K9V4BpY08fdezmifn6kSM6cXY56SXMayPx1354ade4"}} 
[2025-12-12 18:58:41] local.INFO: User login successful {"user_id":51,"license_key":"73E7-T75B77-1686-1626-D874"} 
[2025-12-12 18:58:43] local.INFO: --- CHECK UPDATE CALLED --- {"incoming_request":{"current_version_code":1,"device_id":"73e7ecaeff3b1b4d"}} 
[2025-12-12 18:58:43] local.INFO: Validated request {"device_id":"73e7ecaeff3b1b4d","current_version_code":1} 
[2025-12-12 18:58:43] local.INFO: Device found {"device_id":"73e7ecaeff3b1b4d","registered_version_code":1,"is_update_required_flag":0} 
[2025-12-12 18:58:43] local.INFO: Device is up to date {"device_id":"73e7ecaeff3b1b4d","current_version":1} 
[2025-12-12 19:02:27] local.INFO: --- CHECK UPDATE CALLED --- {"incoming_request":{"current_version_code":1,"device_id":"edac0b27b6545fcc"}} 
[2025-12-12 19:02:27] local.INFO: Validated request {"device_id":"edac0b27b6545fcc","current_version_code":1} 
[2025-12-12 19:02:27] local.WARNING: Device not found {"device_id":"edac0b27b6545fcc"} 
[2025-12-12 19:02:53] local.INFO: --- CHECK UPDATE CALLED --- {"incoming_request":{"current_version_code":1,"device_id":"73e7ecaeff3b1b4d"}} 
[2025-12-12 19:02:53] local.INFO: Validated request {"device_id":"73e7ecaeff3b1b4d","current_version_code":1} 
[2025-12-12 19:02:53] local.INFO: Device found {"device_id":"73e7ecaeff3b1b4d","registered_version_code":1,"is_update_required_flag":0} 
[2025-12-12 19:02:53] local.INFO: Device is up to date {"device_id":"73e7ecaeff3b1b4d","current_version":1} 
[2025-12-12 19:03:16] local.INFO: User login attempt {"license_key":"73E7-T75B77-1686-1626-D874","username":"admin"} 
[2025-12-12 19:03:16] local.INFO: User login response data {"user_id":51,"data":{"user":{"name":"Bangalore admin","email":"admin@gmail.com","user_code":"USR-ADKU1CW","location_id":3,"location_name":"Electronic City","working_stages":[],"role":{"App\\Models\\user_management\\Role":{"role_id":13,"role_name":"Palnt Admin","role_code":"ROL-ADIN9A3"}},"api_key":"XDdZMI4IrtC0Wc4XsJI5vzjLrVdrY2U4en3me1ckxhKZDGgnge2VUVbeTHJO"},"permissions":{"users":["create.users","view.users","edit.users","delete.users"],"dashboard":["view.dashboard_admin"],"config_settings":["create.config_settings","view.config_settings","edit.config_settings","delete.config_settings"],"products":["view.products","create.products","edit.products","delete.products"],"reports":["view.reports"],"locations":["locations.view","locations.edit"],"inventory":["view.inventory","create.inventory","edit.inventory","delete.inventory","write.inventory","lock.inventory"]},"token":"838|LbB32Kvu78qXM09M6bZCmhOfs1z2zjUNbtgAeb3F5a094c8d"}} 
[2025-12-12 19:03:16] local.INFO: User login successful {"user_id":51,"license_key":"73E7-T75B77-1686-1626-D874"} 
[2025-12-12 19:03:18] local.INFO: --- CHECK UPDATE CALLED --- {"incoming_request":{"current_version_code":1,"device_id":"73e7ecaeff3b1b4d"}} 
[2025-12-12 19:03:18] local.INFO: Validated request {"device_id":"73e7ecaeff3b1b4d","current_version_code":1} 
[2025-12-12 19:03:18] local.INFO: Device found {"device_id":"73e7ecaeff3b1b4d","registered_version_code":1,"is_update_required_flag":0} 
[2025-12-12 19:03:18] local.INFO: Device is up to date {"device_id":"73e7ecaeff3b1b4d","current_version":1} 
[2025-12-12 19:29:09] local.INFO: --- CHECK UPDATE CALLED --- {"incoming_request":{"current_version_code":1,"device_id":"73e7ecaeff3b1b4d"}} 
[2025-12-12 19:29:09] local.INFO: Validated request {"device_id":"73e7ecaeff3b1b4d","current_version_code":1} 
[2025-12-12 19:29:09] local.INFO: Device found {"device_id":"73e7ecaeff3b1b4d","registered_version_code":1,"is_update_required_flag":0} 
[2025-12-12 19:29:09] local.INFO: Device is up to date {"device_id":"73e7ecaeff3b1b4d","current_version":1} 
[2025-12-12 19:29:14] local.INFO: User login attempt {"license_key":"73E7-T75B77-1686-1626-D874","username":"admin"} 
[2025-12-12 19:29:14] local.INFO: User login response data {"user_id":51,"data":{"user":{"name":"Bangalore admin","email":"admin@gmail.com","user_code":"USR-ADKU1CW","location_id":3,"location_name":"Electronic City","working_stages":[],"role":{"App\\Models\\user_management\\Role":{"role_id":13,"role_name":"Palnt Admin","role_code":"ROL-ADIN9A3"}},"api_key":"XDdZMI4IrtC0Wc4XsJI5vzjLrVdrY2U4en3me1ckxhKZDGgnge2VUVbeTHJO"},"permissions":{"users":["create.users","view.users","edit.users","delete.users"],"dashboard":["view.dashboard_admin"],"config_settings":["create.config_settings","view.config_settings","edit.config_settings","delete.config_settings"],"products":["view.products","create.products","edit.products","delete.products"],"reports":["view.reports"],"locations":["locations.view","locations.edit"],"inventory":["view.inventory","create.inventory","edit.inventory","delete.inventory","write.inventory","lock.inventory"]},"token":"839|Y25i7WHMnbLDVojHoTbfG1VQcZBjn34IZk0r9X3Qccca81f0"}} 
[2025-12-12 19:29:14] local.INFO: User login successful {"user_id":51,"license_key":"73E7-T75B77-1686-1626-D874"} 
[2025-12-12 19:29:15] local.INFO: --- CHECK UPDATE CALLED --- {"incoming_request":{"current_version_code":1,"device_id":"73e7ecaeff3b1b4d"}} 
[2025-12-12 19:29:15] local.INFO: Validated request {"device_id":"73e7ecaeff3b1b4d","current_version_code":1} 
[2025-12-12 19:29:15] local.INFO: Device found {"device_id":"73e7ecaeff3b1b4d","registered_version_code":1,"is_update_required_flag":0} 
[2025-12-12 19:29:15] local.INFO: Device is up to date {"device_id":"73e7ecaeff3b1b4d","current_version":1} 
[2025-12-12 19:43:32] local.INFO: getProducts: {"limit":20,"page":1,"search":null,"status":"all"}  
[2025-12-12 19:43:32] local.INFO: Products fetched response [{"id":2,"product_name":"Badsheet","product_code":"SKU-BED-01","category":"Badsheet","price":0,"expected_life_cycles":1000,"quantity":0,"last_activity":{"trans_type":null,"inward":0,"outward":0,"opening_stock":0,"closing_stock":0,"at":null}},{"id":3,"product_name":"Pillow Cover","product_code":"SKU-BED-02","category":"Pillow Cover","price":0,"expected_life_cycles":1000,"quantity":1,"last_activity":{"trans_type":"status_clean_out","inward":0,"outward":1,"opening_stock":2,"closing_stock":1,"at":"2025-12-12 16:00:55"}},{"id":4,"product_name":"Towel","product_code":"SKU-BED-03","category":"Towel","price":0,"expected_life_cycles":1000,"quantity":0,"last_activity":{"trans_type":null,"inward":0,"outward":0,"opening_stock":0,"closing_stock":0,"at":null}},{"id":5,"product_name":"Blanket","product_code":"SKU-BED-04","category":"Blanket","price":0,"expected_life_cycles":1000,"quantity":3,"last_activity":{"trans_type":"status_dirty_in","inward":1,"outward":0,"opening_stock":-1,"closing_stock":0,"at":"2025-12-11 20:00:12"}},{"id":6,"product_name":"Patient Gown","product_code":"SKU-BED-05","category":"Patient Gown","price":0,"expected_life_cycles":1000,"quantity":0,"last_activity":{"trans_type":null,"inward":0,"outward":0,"opening_stock":0,"closing_stock":0,"at":null}},{"id":1,"product_name":"Badsheet2","product_code":"343453S","category":"Badsheet2","price":0,"expected_life_cycles":1000,"quantity":0,"last_activity":{"trans_type":null,"inward":0,"outward":0,"opening_stock":0,"closing_stock":0,"at":null}}]  
[2025-12-12 19:43:52] local.INFO: --- CHECK UPDATE CALLED --- {"incoming_request":{"current_version_code":1,"device_id":"73e7ecaeff3b1b4d"}} 
[2025-12-12 19:43:52] local.INFO: Validated request {"device_id":"73e7ecaeff3b1b4d","current_version_code":1} 
[2025-12-12 19:43:52] local.INFO: Device found {"device_id":"73e7ecaeff3b1b4d","registered_version_code":1,"is_update_required_flag":0} 
[2025-12-12 19:43:52] local.INFO: Device is up to date {"device_id":"73e7ecaeff3b1b4d","current_version":1} 
[2025-12-12 19:43:55] local.INFO: User login attempt {"license_key":"73E7-T75B77-1686-1626-D874","username":"admin"} 
[2025-12-12 19:43:55] local.INFO: User login response data {"user_id":51,"data":{"user":{"name":"Bangalore admin","email":"admin@gmail.com","user_code":"USR-ADKU1CW","location_id":3,"location_name":"Electronic City","working_stages":[],"role":{"App\\Models\\user_management\\Role":{"role_id":13,"role_name":"Palnt Admin","role_code":"ROL-ADIN9A3"}},"api_key":"XDdZMI4IrtC0Wc4XsJI5vzjLrVdrY2U4en3me1ckxhKZDGgnge2VUVbeTHJO"},"permissions":{"users":["create.users","view.users","edit.users","delete.users"],"dashboard":["view.dashboard_admin"],"config_settings":["create.config_settings","view.config_settings","edit.config_settings","delete.config_settings"],"products":["view.products","create.products","edit.products","delete.products"],"reports":["view.reports"],"locations":["locations.view","locations.edit"],"inventory":["view.inventory","create.inventory","edit.inventory","delete.inventory","write.inventory","lock.inventory"]},"token":"840|juCNNlTnpr0hTa8L1xWTDPCQ0LeLP9ccfMXyBfvGdd6ce140"}} 
[2025-12-12 19:43:55] local.INFO: User login successful {"user_id":51,"license_key":"73E7-T75B77-1686-1626-D874"} 
[2025-12-12 19:43:57] local.INFO: --- CHECK UPDATE CALLED --- {"incoming_request":{"current_version_code":1,"device_id":"73e7ecaeff3b1b4d"}} 
[2025-12-12 19:43:57] local.INFO: Validated request {"device_id":"73e7ecaeff3b1b4d","current_version_code":1} 
[2025-12-12 19:43:57] local.INFO: Device found {"device_id":"73e7ecaeff3b1b4d","registered_version_code":1,"is_update_required_flag":0} 
[2025-12-12 19:43:57] local.INFO: Device is up to date {"device_id":"73e7ecaeff3b1b4d","current_version":1} 
[2025-12-12 19:44:16] local.INFO: --- CHECK UPDATE CALLED --- {"incoming_request":{"current_version_code":1,"device_id":"73e7ecaeff3b1b4d"}} 
[2025-12-12 19:44:16] local.INFO: Validated request {"device_id":"73e7ecaeff3b1b4d","current_version_code":1} 
[2025-12-12 19:44:16] local.INFO: Device found {"device_id":"73e7ecaeff3b1b4d","registered_version_code":1,"is_update_required_flag":0} 
[2025-12-12 19:44:16] local.INFO: Device is up to date {"device_id":"73e7ecaeff3b1b4d","current_version":1} 
