[2025-11-27 16:32:13] local.INFO: Gathering stage counts between 2025-10-29 00:00:00 and 2025-11-27 23:59:59  
[2025-11-27 16:32:17] local.INFO: total_rows: 54  
[2025-11-27 16:32:18] local.INFO: total_rows: 0  
[2025-11-27 16:32:31] local.INFO: total_rows: 0  
[2025-11-27 16:32:46] local.INFO: total_rows: 0  
[2025-11-27 16:38:27] local.INFO: total_rows: 54  
[2025-11-27 16:38:28] local.INFO: total_rows: 0  
[2025-11-27 16:38:30] local.INFO: total_rows: 0  
[2025-11-27 16:38:31] local.INFO: total_rows: 0  
[2025-11-27 16:38:32] local.INFO: total_rows: 0  
[2025-11-27 16:38:32] local.INFO: total_rows: 0  
[2025-11-27 16:38:36] local.INFO: total_rows: 54  
[2025-11-27 16:38:37] local.INFO: total_rows: 0  
[2025-11-27 16:38:42] local.INFO: total_rows: 54  
[2025-11-27 16:38:43] local.INFO: total_rows: 0  
[2025-11-27 16:38:48] local.ERROR: Undefined property: stdClass::$updated_date {"userId":50,"exception":"[object] (ErrorException(code: 0): Undefined property: stdClass::$updated_date at /var/www/html/gallamattressapp/app/Http/Controllers/reports/ReportsController.php:105)
[stacktrace]
#0 /var/www/html/gallamattressapp/vendor/laravel/framework/src/Illuminate/Foundation/Bootstrap/HandleExceptions.php(255): Illuminate\\Foundation\\Bootstrap\\HandleExceptions->handleError()
#1 /var/www/html/gallamattressapp/app/Http/Controllers/reports/ReportsController.php(105): Illuminate\\Foundation\\Bootstrap\\HandleExceptions->Illuminate\\Foundation\\Bootstrap\\{closure}()
#2 /var/www/html/gallamattressapp/app/Http/Controllers/reports/ReportsController.php(216): App\\Http\\Controllers\\reports\\ReportsController->tableHeaderRowData()
#3 /var/www/html/gallamattressapp/vendor/laravel/framework/src/Illuminate/Routing/Controller.php(54): App\\Http\\Controllers\\reports\\ReportsController->list()
#4 /var/www/html/gallamattressapp/vendor/laravel/framework/src/Illuminate/Routing/ControllerDispatcher.php(43): Illuminate\\Routing\\Controller->callAction()
#5 /var/www/html/gallamattressapp/vendor/laravel/framework/src/Illuminate/Routing/Route.php(259): Illuminate\\Routing\\ControllerDispatcher->dispatch()
#6 /var/www/html/gallamattressapp/vendor/laravel/framework/src/Illuminate/Routing/Route.php(205): Illuminate\\Routing\\Route->runController()
#7 /var/www/html/gallamattressapp/vendor/laravel/framework/src/Illuminate/Routing/Router.php(806): Illuminate\\Routing\\Route->run()
#8 /var/www/html/gallamattressapp/vendor/laravel/framework/src/Illuminate/Pipeline/Pipeline.php(144): Illuminate\\Routing\\Router->Illuminate\\Routing\\{closure}()
#9 /var/www/html/gallamattressapp/app/Http/Middleware/CheckPermission.php(19): Illuminate\\Pipeline\\Pipeline->Illuminate\\Pipeline\\{closure}()
#10 /var/www/html/gallamattressapp/vendor/laravel/framework/src/Illuminate/Pipeline/Pipeline.php(183): App\\Http\\Middleware\\CheckPermission->handle()
#11 /var/www/html/gallamattressapp/app/Http/Middleware/PreventBackHistory.php(17): Illuminate\\Pipeline\\Pipeline->Illuminate\\Pipeline\\{closure}()
#12 /var/www/html/gallamattressapp/vendor/laravel/framework/src/Illuminate/Pipeline/Pipeline.php(183): App\\Http\\Middleware\\PreventBackHistory->handle()
#13 /var/www/html/gallamattressapp/vendor/laravel/framework/src/Illuminate/Routing/Middleware/SubstituteBindings.php(50): Illuminate\\Pipeline\\Pipeline->Illuminate\\Pipeline\\{closure}()
#14 /var/www/html/gallamattressapp/vendor/laravel/framework/src/Illuminate/Pipeline/Pipeline.php(183): Illuminate\\Routing\\Middleware\\SubstituteBindings->handle()
#15 /var/www/html/gallamattressapp/vendor/laravel/framework/src/Illuminate/Auth/Middleware/Authenticate.php(57): Illuminate\\Pipeline\\Pipeline->Illuminate\\Pipeline\\{closure}()
#16 /var/www/html/gallamattressapp/vendor/laravel/framework/src/Illuminate/Pipeline/Pipeline.php(183): Illuminate\\Auth\\Middleware\\Authenticate->handle()
#17 /var/www/html/gallamattressapp/vendor/laravel/framework/src/Illuminate/Foundation/Http/Middleware/VerifyCsrfToken.php(78): Illuminate\\Pipeline\\Pipeline->Illuminate\\Pipeline\\{closure}()
#18 /var/www/html/gallamattressapp/vendor/laravel/framework/src/Illuminate/Pipeline/Pipeline.php(183): Illuminate\\Foundation\\Http\\Middleware\\VerifyCsrfToken->handle()
#19 /var/www/html/gallamattressapp/vendor/laravel/framework/src/Illuminate/View/Middleware/ShareErrorsFromSession.php(49): Illuminate\\Pipeline\\Pipeline->Illuminate\\Pipeline\\{closure}()
#20 /var/www/html/gallamattressapp/vendor/laravel/framework/src/Illuminate/Pipeline/Pipeline.php(183): Illuminate\\View\\Middleware\\ShareErrorsFromSession->handle()
#21 /var/www/html/gallamattressapp/vendor/laravel/framework/src/Illuminate/Session/Middleware/StartSession.php(121): Illuminate\\Pipeline\\Pipeline->Illuminate\\Pipeline\\{closure}()
#22 /var/www/html/gallamattressapp/vendor/laravel/framework/src/Illuminate/Session/Middleware/StartSession.php(64): Illuminate\\Session\\Middleware\\StartSession->handleStatefulRequest()
#23 /var/www/html/gallamattressapp/vendor/laravel/framework/src/Illuminate/Pipeline/Pipeline.php(183): Illuminate\\Session\\Middleware\\StartSession->handle()
#24 /var/www/html/gallamattressapp/vendor/laravel/framework/src/Illuminate/Cookie/Middleware/AddQueuedCookiesToResponse.php(37): Illuminate\\Pipeline\\Pipeline->Illuminate\\Pipeline\\{closure}()
#25 /var/www/html/gallamattressapp/vendor/laravel/framework/src/Illuminate/Pipeline/Pipeline.php(183): Illuminate\\Cookie\\Middleware\\AddQueuedCookiesToResponse->handle()
#26 /var/www/html/gallamattressapp/vendor/laravel/framework/src/Illuminate/Cookie/Middleware/EncryptCookies.php(67): Illuminate\\Pipeline\\Pipeline->Illuminate\\Pipeline\\{closure}()
#27 /var/www/html/gallamattressapp/vendor/laravel/framework/src/Illuminate/Pipeline/Pipeline.php(183): Illuminate\\Cookie\\Middleware\\EncryptCookies->handle()
#28 /var/www/html/gallamattressapp/vendor/laravel/framework/src/Illuminate/Pipeline/Pipeline.php(119): Illuminate\\Pipeline\\Pipeline->Illuminate\\Pipeline\\{closure}()
#29 /var/www/html/gallamattressapp/vendor/laravel/framework/src/Illuminate/Routing/Router.php(805): Illuminate\\Pipeline\\Pipeline->then()
#30 /var/www/html/gallamattressapp/vendor/laravel/framework/src/Illuminate/Routing/Router.php(784): Illuminate\\Routing\\Router->runRouteWithinStack()
#31 /var/www/html/gallamattressapp/vendor/laravel/framework/src/Illuminate/Routing/Router.php(748): Illuminate\\Routing\\Router->runRoute()
#32 /var/www/html/gallamattressapp/vendor/laravel/framework/src/Illuminate/Routing/Router.php(737): Illuminate\\Routing\\Router->dispatchToRoute()
#33 /var/www/html/gallamattressapp/vendor/laravel/framework/src/Illuminate/Foundation/Http/Kernel.php(200): Illuminate\\Routing\\Router->dispatch()
#34 /var/www/html/gallamattressapp/vendor/laravel/framework/src/Illuminate/Pipeline/Pipeline.php(144): Illuminate\\Foundation\\Http\\Kernel->Illuminate\\Foundation\\Http\\{closure}()
#35 /var/www/html/gallamattressapp/vendor/laravel/framework/src/Illuminate/Foundation/Http/Middleware/TransformsRequest.php(21): Illuminate\\Pipeline\\Pipeline->Illuminate\\Pipeline\\{closure}()
#36 /var/www/html/gallamattressapp/vendor/laravel/framework/src/Illuminate/Foundation/Http/Middleware/ConvertEmptyStringsToNull.php(31): Illuminate\\Foundation\\Http\\Middleware\\TransformsRequest->handle()
#37 /var/www/html/gallamattressapp/vendor/laravel/framework/src/Illuminate/Pipeline/Pipeline.php(183): Illuminate\\Foundation\\Http\\Middleware\\ConvertEmptyStringsToNull->handle()
#38 /var/www/html/gallamattressapp/vendor/laravel/framework/src/Illuminate/Foundation/Http/Middleware/TransformsRequest.php(21): Illuminate\\Pipeline\\Pipeline->Illuminate\\Pipeline\\{closure}()
#39 /var/www/html/gallamattressapp/vendor/laravel/framework/src/Illuminate/Foundation/Http/Middleware/TrimStrings.php(40): Illuminate\\Foundation\\Http\\Middleware\\TransformsRequest->handle()
#40 /var/www/html/gallamattressapp/vendor/laravel/framework/src/Illuminate/Pipeline/Pipeline.php(183): Illuminate\\Foundation\\Http\\Middleware\\TrimStrings->handle()
#41 /var/www/html/gallamattressapp/vendor/laravel/framework/src/Illuminate/Foundation/Http/Middleware/ValidatePostSize.php(27): Illuminate\\Pipeline\\Pipeline->Illuminate\\Pipeline\\{closure}()
#42 /var/www/html/gallamattressapp/vendor/laravel/framework/src/Illuminate/Pipeline/Pipeline.php(183): Illuminate\\Foundation\\Http\\Middleware\\ValidatePostSize->handle()
#43 /var/www/html/gallamattressapp/vendor/laravel/framework/src/Illuminate/Foundation/Http/Middleware/PreventRequestsDuringMaintenance.php(99): Illuminate\\Pipeline\\Pipeline->Illuminate\\Pipeline\\{closure}()
#44 /var/www/html/gallamattressapp/vendor/laravel/framework/src/Illuminate/Pipeline/Pipeline.php(183): Illuminate\\Foundation\\Http\\Middleware\\PreventRequestsDuringMaintenance->handle()
#45 /var/www/html/gallamattressapp/vendor/laravel/framework/src/Illuminate/Http/Middleware/HandleCors.php(49): Illuminate\\Pipeline\\Pipeline->Illuminate\\Pipeline\\{closure}()
#46 /var/www/html/gallamattressapp/vendor/laravel/framework/src/Illuminate/Pipeline/Pipeline.php(183): Illuminate\\Http\\Middleware\\HandleCors->handle()
#47 /var/www/html/gallamattressapp/vendor/laravel/framework/src/Illuminate/Http/Middleware/TrustProxies.php(39): Illuminate\\Pipeline\\Pipeline->Illuminate\\Pipeline\\{closure}()
#48 /var/www/html/gallamattressapp/vendor/laravel/framework/src/Illuminate/Pipeline/Pipeline.php(183): Illuminate\\Http\\Middleware\\TrustProxies->handle()
#49 /var/www/html/gallamattressapp/vendor/laravel/framework/src/Illuminate/Pipeline/Pipeline.php(119): Illuminate\\Pipeline\\Pipeline->Illuminate\\Pipeline\\{closure}()
#50 /var/www/html/gallamattressapp/vendor/laravel/framework/src/Illuminate/Foundation/Http/Kernel.php(175): Illuminate\\Pipeline\\Pipeline->then()
#51 /var/www/html/gallamattressapp/vendor/laravel/framework/src/Illuminate/Foundation/Http/Kernel.php(144): Illuminate\\Foundation\\Http\\Kernel->sendRequestThroughRouter()
#52 /var/www/html/gallamattressapp/public/index.php(51): Illuminate\\Foundation\\Http\\Kernel->handle()
#53 /var/www/html/gallamattressapp/vendor/laravel/framework/src/Illuminate/Foundation/resources/server.php(16): require_once('...')
#54 {main}
"} 
[2025-11-27 16:38:58] local.ERROR: Undefined property: stdClass::$updated_date {"userId":50,"exception":"[object] (ErrorException(code: 0): Undefined property: stdClass::$updated_date at /var/www/html/gallamattressapp/app/Http/Controllers/reports/ReportsController.php:105)
[stacktrace]
#0 /var/www/html/gallamattressapp/vendor/laravel/framework/src/Illuminate/Foundation/Bootstrap/HandleExceptions.php(255): Illuminate\\Foundation\\Bootstrap\\HandleExceptions->handleError()
#1 /var/www/html/gallamattressapp/app/Http/Controllers/reports/ReportsController.php(105): Illuminate\\Foundation\\Bootstrap\\HandleExceptions->Illuminate\\Foundation\\Bootstrap\\{closure}()
#2 /var/www/html/gallamattressapp/app/Http/Controllers/reports/ReportsController.php(216): App\\Http\\Controllers\\reports\\ReportsController->tableHeaderRowData()
#3 /var/www/html/gallamattressapp/vendor/laravel/framework/src/Illuminate/Routing/Controller.php(54): App\\Http\\Controllers\\reports\\ReportsController->list()
#4 /var/www/html/gallamattressapp/vendor/laravel/framework/src/Illuminate/Routing/ControllerDispatcher.php(43): Illuminate\\Routing\\Controller->callAction()
#5 /var/www/html/gallamattressapp/vendor/laravel/framework/src/Illuminate/Routing/Route.php(259): Illuminate\\Routing\\ControllerDispatcher->dispatch()
#6 /var/www/html/gallamattressapp/vendor/laravel/framework/src/Illuminate/Routing/Route.php(205): Illuminate\\Routing\\Route->runController()
#7 /var/www/html/gallamattressapp/vendor/laravel/framework/src/Illuminate/Routing/Router.php(806): Illuminate\\Routing\\Route->run()
#8 /var/www/html/gallamattressapp/vendor/laravel/framework/src/Illuminate/Pipeline/Pipeline.php(144): Illuminate\\Routing\\Router->Illuminate\\Routing\\{closure}()
#9 /var/www/html/gallamattressapp/app/Http/Middleware/CheckPermission.php(19): Illuminate\\Pipeline\\Pipeline->Illuminate\\Pipeline\\{closure}()
#10 /var/www/html/gallamattressapp/vendor/laravel/framework/src/Illuminate/Pipeline/Pipeline.php(183): App\\Http\\Middleware\\CheckPermission->handle()
#11 /var/www/html/gallamattressapp/app/Http/Middleware/PreventBackHistory.php(17): Illuminate\\Pipeline\\Pipeline->Illuminate\\Pipeline\\{closure}()
#12 /var/www/html/gallamattressapp/vendor/laravel/framework/src/Illuminate/Pipeline/Pipeline.php(183): App\\Http\\Middleware\\PreventBackHistory->handle()
#13 /var/www/html/gallamattressapp/vendor/laravel/framework/src/Illuminate/Routing/Middleware/SubstituteBindings.php(50): Illuminate\\Pipeline\\Pipeline->Illuminate\\Pipeline\\{closure}()
#14 /var/www/html/gallamattressapp/vendor/laravel/framework/src/Illuminate/Pipeline/Pipeline.php(183): Illuminate\\Routing\\Middleware\\SubstituteBindings->handle()
#15 /var/www/html/gallamattressapp/vendor/laravel/framework/src/Illuminate/Auth/Middleware/Authenticate.php(57): Illuminate\\Pipeline\\Pipeline->Illuminate\\Pipeline\\{closure}()
#16 /var/www/html/gallamattressapp/vendor/laravel/framework/src/Illuminate/Pipeline/Pipeline.php(183): Illuminate\\Auth\\Middleware\\Authenticate->handle()
#17 /var/www/html/gallamattressapp/vendor/laravel/framework/src/Illuminate/Foundation/Http/Middleware/VerifyCsrfToken.php(78): Illuminate\\Pipeline\\Pipeline->Illuminate\\Pipeline\\{closure}()
#18 /var/www/html/gallamattressapp/vendor/laravel/framework/src/Illuminate/Pipeline/Pipeline.php(183): Illuminate\\Foundation\\Http\\Middleware\\VerifyCsrfToken->handle()
#19 /var/www/html/gallamattressapp/vendor/laravel/framework/src/Illuminate/View/Middleware/ShareErrorsFromSession.php(49): Illuminate\\Pipeline\\Pipeline->Illuminate\\Pipeline\\{closure}()
#20 /var/www/html/gallamattressapp/vendor/laravel/framework/src/Illuminate/Pipeline/Pipeline.php(183): Illuminate\\View\\Middleware\\ShareErrorsFromSession->handle()
#21 /var/www/html/gallamattressapp/vendor/laravel/framework/src/Illuminate/Session/Middleware/StartSession.php(121): Illuminate\\Pipeline\\Pipeline->Illuminate\\Pipeline\\{closure}()
#22 /var/www/html/gallamattressapp/vendor/laravel/framework/src/Illuminate/Session/Middleware/StartSession.php(64): Illuminate\\Session\\Middleware\\StartSession->handleStatefulRequest()
#23 /var/www/html/gallamattressapp/vendor/laravel/framework/src/Illuminate/Pipeline/Pipeline.php(183): Illuminate\\Session\\Middleware\\StartSession->handle()
#24 /var/www/html/gallamattressapp/vendor/laravel/framework/src/Illuminate/Cookie/Middleware/AddQueuedCookiesToResponse.php(37): Illuminate\\Pipeline\\Pipeline->Illuminate\\Pipeline\\{closure}()
#25 /var/www/html/gallamattressapp/vendor/laravel/framework/src/Illuminate/Pipeline/Pipeline.php(183): Illuminate\\Cookie\\Middleware\\AddQueuedCookiesToResponse->handle()
#26 /var/www/html/gallamattressapp/vendor/laravel/framework/src/Illuminate/Cookie/Middleware/EncryptCookies.php(67): Illuminate\\Pipeline\\Pipeline->Illuminate\\Pipeline\\{closure}()
#27 /var/www/html/gallamattressapp/vendor/laravel/framework/src/Illuminate/Pipeline/Pipeline.php(183): Illuminate\\Cookie\\Middleware\\EncryptCookies->handle()
#28 /var/www/html/gallamattressapp/vendor/laravel/framework/src/Illuminate/Pipeline/Pipeline.php(119): Illuminate\\Pipeline\\Pipeline->Illuminate\\Pipeline\\{closure}()
#29 /var/www/html/gallamattressapp/vendor/laravel/framework/src/Illuminate/Routing/Router.php(805): Illuminate\\Pipeline\\Pipeline->then()
#30 /var/www/html/gallamattressapp/vendor/laravel/framework/src/Illuminate/Routing/Router.php(784): Illuminate\\Routing\\Router->runRouteWithinStack()
#31 /var/www/html/gallamattressapp/vendor/laravel/framework/src/Illuminate/Routing/Router.php(748): Illuminate\\Routing\\Router->runRoute()
#32 /var/www/html/gallamattressapp/vendor/laravel/framework/src/Illuminate/Routing/Router.php(737): Illuminate\\Routing\\Router->dispatchToRoute()
#33 /var/www/html/gallamattressapp/vendor/laravel/framework/src/Illuminate/Foundation/Http/Kernel.php(200): Illuminate\\Routing\\Router->dispatch()
#34 /var/www/html/gallamattressapp/vendor/laravel/framework/src/Illuminate/Pipeline/Pipeline.php(144): Illuminate\\Foundation\\Http\\Kernel->Illuminate\\Foundation\\Http\\{closure}()
#35 /var/www/html/gallamattressapp/vendor/laravel/framework/src/Illuminate/Foundation/Http/Middleware/TransformsRequest.php(21): Illuminate\\Pipeline\\Pipeline->Illuminate\\Pipeline\\{closure}()
#36 /var/www/html/gallamattressapp/vendor/laravel/framework/src/Illuminate/Foundation/Http/Middleware/ConvertEmptyStringsToNull.php(31): Illuminate\\Foundation\\Http\\Middleware\\TransformsRequest->handle()
#37 /var/www/html/gallamattressapp/vendor/laravel/framework/src/Illuminate/Pipeline/Pipeline.php(183): Illuminate\\Foundation\\Http\\Middleware\\ConvertEmptyStringsToNull->handle()
#38 /var/www/html/gallamattressapp/vendor/laravel/framework/src/Illuminate/Foundation/Http/Middleware/TransformsRequest.php(21): Illuminate\\Pipeline\\Pipeline->Illuminate\\Pipeline\\{closure}()
#39 /var/www/html/gallamattressapp/vendor/laravel/framework/src/Illuminate/Foundation/Http/Middleware/TrimStrings.php(40): Illuminate\\Foundation\\Http\\Middleware\\TransformsRequest->handle()
#40 /var/www/html/gallamattressapp/vendor/laravel/framework/src/Illuminate/Pipeline/Pipeline.php(183): Illuminate\\Foundation\\Http\\Middleware\\TrimStrings->handle()
#41 /var/www/html/gallamattressapp/vendor/laravel/framework/src/Illuminate/Foundation/Http/Middleware/ValidatePostSize.php(27): Illuminate\\Pipeline\\Pipeline->Illuminate\\Pipeline\\{closure}()
#42 /var/www/html/gallamattressapp/vendor/laravel/framework/src/Illuminate/Pipeline/Pipeline.php(183): Illuminate\\Foundation\\Http\\Middleware\\ValidatePostSize->handle()
#43 /var/www/html/gallamattressapp/vendor/laravel/framework/src/Illuminate/Foundation/Http/Middleware/PreventRequestsDuringMaintenance.php(99): Illuminate\\Pipeline\\Pipeline->Illuminate\\Pipeline\\{closure}()
#44 /var/www/html/gallamattressapp/vendor/laravel/framework/src/Illuminate/Pipeline/Pipeline.php(183): Illuminate\\Foundation\\Http\\Middleware\\PreventRequestsDuringMaintenance->handle()
#45 /var/www/html/gallamattressapp/vendor/laravel/framework/src/Illuminate/Http/Middleware/HandleCors.php(49): Illuminate\\Pipeline\\Pipeline->Illuminate\\Pipeline\\{closure}()
#46 /var/www/html/gallamattressapp/vendor/laravel/framework/src/Illuminate/Pipeline/Pipeline.php(183): Illuminate\\Http\\Middleware\\HandleCors->handle()
#47 /var/www/html/gallamattressapp/vendor/laravel/framework/src/Illuminate/Http/Middleware/TrustProxies.php(39): Illuminate\\Pipeline\\Pipeline->Illuminate\\Pipeline\\{closure}()
#48 /var/www/html/gallamattressapp/vendor/laravel/framework/src/Illuminate/Pipeline/Pipeline.php(183): Illuminate\\Http\\Middleware\\TrustProxies->handle()
#49 /var/www/html/gallamattressapp/vendor/laravel/framework/src/Illuminate/Pipeline/Pipeline.php(119): Illuminate\\Pipeline\\Pipeline->Illuminate\\Pipeline\\{closure}()
#50 /var/www/html/gallamattressapp/vendor/laravel/framework/src/Illuminate/Foundation/Http/Kernel.php(175): Illuminate\\Pipeline\\Pipeline->then()
#51 /var/www/html/gallamattressapp/vendor/laravel/framework/src/Illuminate/Foundation/Http/Kernel.php(144): Illuminate\\Foundation\\Http\\Kernel->sendRequestThroughRouter()
#52 /var/www/html/gallamattressapp/public/index.php(51): Illuminate\\Foundation\\Http\\Kernel->handle()
#53 /var/www/html/gallamattressapp/vendor/laravel/framework/src/Illuminate/Foundation/resources/server.php(16): require_once('...')
#54 {main}
"} 
[2025-11-27 16:41:25] local.INFO: total_rows: 54  
[2025-11-27 16:41:30] local.INFO: total_rows: 0  
[2025-11-27 16:41:36] local.INFO: total_rows: 0  
[2025-11-27 16:41:53] local.INFO: total_rows: 54  
[2025-11-27 16:41:54] local.INFO: total_rows: 54  
[2025-11-27 16:41:56] local.INFO: total_rows: 0  
[2025-11-27 16:42:13] local.INFO: total_rows: 0  
[2025-11-27 16:42:21] local.ERROR: Undefined property: stdClass::$updated_date {"userId":50,"exception":"[object] (ErrorException(code: 0): Undefined property: stdClass::$updated_date at /var/www/html/gallamattressapp/app/Http/Controllers/reports/ReportsController.php:105)
[stacktrace]
#0 /var/www/html/gallamattressapp/vendor/laravel/framework/src/Illuminate/Foundation/Bootstrap/HandleExceptions.php(255): Illuminate\\Foundation\\Bootstrap\\HandleExceptions->handleError()
#1 /var/www/html/gallamattressapp/app/Http/Controllers/reports/ReportsController.php(105): Illuminate\\Foundation\\Bootstrap\\HandleExceptions->Illuminate\\Foundation\\Bootstrap\\{closure}()
#2 /var/www/html/gallamattressapp/app/Http/Controllers/reports/ReportsController.php(216): App\\Http\\Controllers\\reports\\ReportsController->tableHeaderRowData()
#3 /var/www/html/gallamattressapp/vendor/laravel/framework/src/Illuminate/Routing/Controller.php(54): App\\Http\\Controllers\\reports\\ReportsController->list()
#4 /var/www/html/gallamattressapp/vendor/laravel/framework/src/Illuminate/Routing/ControllerDispatcher.php(43): Illuminate\\Routing\\Controller->callAction()
#5 /var/www/html/gallamattressapp/vendor/laravel/framework/src/Illuminate/Routing/Route.php(259): Illuminate\\Routing\\ControllerDispatcher->dispatch()
#6 /var/www/html/gallamattressapp/vendor/laravel/framework/src/Illuminate/Routing/Route.php(205): Illuminate\\Routing\\Route->runController()
#7 /var/www/html/gallamattressapp/vendor/laravel/framework/src/Illuminate/Routing/Router.php(806): Illuminate\\Routing\\Route->run()
#8 /var/www/html/gallamattressapp/vendor/laravel/framework/src/Illuminate/Pipeline/Pipeline.php(144): Illuminate\\Routing\\Router->Illuminate\\Routing\\{closure}()
#9 /var/www/html/gallamattressapp/app/Http/Middleware/CheckPermission.php(19): Illuminate\\Pipeline\\Pipeline->Illuminate\\Pipeline\\{closure}()
#10 /var/www/html/gallamattressapp/vendor/laravel/framework/src/Illuminate/Pipeline/Pipeline.php(183): App\\Http\\Middleware\\CheckPermission->handle()
#11 /var/www/html/gallamattressapp/app/Http/Middleware/PreventBackHistory.php(17): Illuminate\\Pipeline\\Pipeline->Illuminate\\Pipeline\\{closure}()
#12 /var/www/html/gallamattressapp/vendor/laravel/framework/src/Illuminate/Pipeline/Pipeline.php(183): App\\Http\\Middleware\\PreventBackHistory->handle()
#13 /var/www/html/gallamattressapp/vendor/laravel/framework/src/Illuminate/Routing/Middleware/SubstituteBindings.php(50): Illuminate\\Pipeline\\Pipeline->Illuminate\\Pipeline\\{closure}()
#14 /var/www/html/gallamattressapp/vendor/laravel/framework/src/Illuminate/Pipeline/Pipeline.php(183): Illuminate\\Routing\\Middleware\\SubstituteBindings->handle()
#15 /var/www/html/gallamattressapp/vendor/laravel/framework/src/Illuminate/Auth/Middleware/Authenticate.php(57): Illuminate\\Pipeline\\Pipeline->Illuminate\\Pipeline\\{closure}()
#16 /var/www/html/gallamattressapp/vendor/laravel/framework/src/Illuminate/Pipeline/Pipeline.php(183): Illuminate\\Auth\\Middleware\\Authenticate->handle()
#17 /var/www/html/gallamattressapp/vendor/laravel/framework/src/Illuminate/Foundation/Http/Middleware/VerifyCsrfToken.php(78): Illuminate\\Pipeline\\Pipeline->Illuminate\\Pipeline\\{closure}()
#18 /var/www/html/gallamattressapp/vendor/laravel/framework/src/Illuminate/Pipeline/Pipeline.php(183): Illuminate\\Foundation\\Http\\Middleware\\VerifyCsrfToken->handle()
#19 /var/www/html/gallamattressapp/vendor/laravel/framework/src/Illuminate/View/Middleware/ShareErrorsFromSession.php(49): Illuminate\\Pipeline\\Pipeline->Illuminate\\Pipeline\\{closure}()
#20 /var/www/html/gallamattressapp/vendor/laravel/framework/src/Illuminate/Pipeline/Pipeline.php(183): Illuminate\\View\\Middleware\\ShareErrorsFromSession->handle()
#21 /var/www/html/gallamattressapp/vendor/laravel/framework/src/Illuminate/Session/Middleware/StartSession.php(121): Illuminate\\Pipeline\\Pipeline->Illuminate\\Pipeline\\{closure}()
#22 /var/www/html/gallamattressapp/vendor/laravel/framework/src/Illuminate/Session/Middleware/StartSession.php(64): Illuminate\\Session\\Middleware\\StartSession->handleStatefulRequest()
#23 /var/www/html/gallamattressapp/vendor/laravel/framework/src/Illuminate/Pipeline/Pipeline.php(183): Illuminate\\Session\\Middleware\\StartSession->handle()
#24 /var/www/html/gallamattressapp/vendor/laravel/framework/src/Illuminate/Cookie/Middleware/AddQueuedCookiesToResponse.php(37): Illuminate\\Pipeline\\Pipeline->Illuminate\\Pipeline\\{closure}()
#25 /var/www/html/gallamattressapp/vendor/laravel/framework/src/Illuminate/Pipeline/Pipeline.php(183): Illuminate\\Cookie\\Middleware\\AddQueuedCookiesToResponse->handle()
#26 /var/www/html/gallamattressapp/vendor/laravel/framework/src/Illuminate/Cookie/Middleware/EncryptCookies.php(67): Illuminate\\Pipeline\\Pipeline->Illuminate\\Pipeline\\{closure}()
#27 /var/www/html/gallamattressapp/vendor/laravel/framework/src/Illuminate/Pipeline/Pipeline.php(183): Illuminate\\Cookie\\Middleware\\EncryptCookies->handle()
#28 /var/www/html/gallamattressapp/vendor/laravel/framework/src/Illuminate/Pipeline/Pipeline.php(119): Illuminate\\Pipeline\\Pipeline->Illuminate\\Pipeline\\{closure}()
#29 /var/www/html/gallamattressapp/vendor/laravel/framework/src/Illuminate/Routing/Router.php(805): Illuminate\\Pipeline\\Pipeline->then()
#30 /var/www/html/gallamattressapp/vendor/laravel/framework/src/Illuminate/Routing/Router.php(784): Illuminate\\Routing\\Router->runRouteWithinStack()
#31 /var/www/html/gallamattressapp/vendor/laravel/framework/src/Illuminate/Routing/Router.php(748): Illuminate\\Routing\\Router->runRoute()
#32 /var/www/html/gallamattressapp/vendor/laravel/framework/src/Illuminate/Routing/Router.php(737): Illuminate\\Routing\\Router->dispatchToRoute()
#33 /var/www/html/gallamattressapp/vendor/laravel/framework/src/Illuminate/Foundation/Http/Kernel.php(200): Illuminate\\Routing\\Router->dispatch()
#34 /var/www/html/gallamattressapp/vendor/laravel/framework/src/Illuminate/Pipeline/Pipeline.php(144): Illuminate\\Foundation\\Http\\Kernel->Illuminate\\Foundation\\Http\\{closure}()
#35 /var/www/html/gallamattressapp/vendor/laravel/framework/src/Illuminate/Foundation/Http/Middleware/TransformsRequest.php(21): Illuminate\\Pipeline\\Pipeline->Illuminate\\Pipeline\\{closure}()
#36 /var/www/html/gallamattressapp/vendor/laravel/framework/src/Illuminate/Foundation/Http/Middleware/ConvertEmptyStringsToNull.php(31): Illuminate\\Foundation\\Http\\Middleware\\TransformsRequest->handle()
#37 /var/www/html/gallamattressapp/vendor/laravel/framework/src/Illuminate/Pipeline/Pipeline.php(183): Illuminate\\Foundation\\Http\\Middleware\\ConvertEmptyStringsToNull->handle()
#38 /var/www/html/gallamattressapp/vendor/laravel/framework/src/Illuminate/Foundation/Http/Middleware/TransformsRequest.php(21): Illuminate\\Pipeline\\Pipeline->Illuminate\\Pipeline\\{closure}()
#39 /var/www/html/gallamattressapp/vendor/laravel/framework/src/Illuminate/Foundation/Http/Middleware/TrimStrings.php(40): Illuminate\\Foundation\\Http\\Middleware\\TransformsRequest->handle()
#40 /var/www/html/gallamattressapp/vendor/laravel/framework/src/Illuminate/Pipeline/Pipeline.php(183): Illuminate\\Foundation\\Http\\Middleware\\TrimStrings->handle()
#41 /var/www/html/gallamattressapp/vendor/laravel/framework/src/Illuminate/Foundation/Http/Middleware/ValidatePostSize.php(27): Illuminate\\Pipeline\\Pipeline->Illuminate\\Pipeline\\{closure}()
#42 /var/www/html/gallamattressapp/vendor/laravel/framework/src/Illuminate/Pipeline/Pipeline.php(183): Illuminate\\Foundation\\Http\\Middleware\\ValidatePostSize->handle()
#43 /var/www/html/gallamattressapp/vendor/laravel/framework/src/Illuminate/Foundation/Http/Middleware/PreventRequestsDuringMaintenance.php(99): Illuminate\\Pipeline\\Pipeline->Illuminate\\Pipeline\\{closure}()
#44 /var/www/html/gallamattressapp/vendor/laravel/framework/src/Illuminate/Pipeline/Pipeline.php(183): Illuminate\\Foundation\\Http\\Middleware\\PreventRequestsDuringMaintenance->handle()
#45 /var/www/html/gallamattressapp/vendor/laravel/framework/src/Illuminate/Http/Middleware/HandleCors.php(49): Illuminate\\Pipeline\\Pipeline->Illuminate\\Pipeline\\{closure}()
#46 /var/www/html/gallamattressapp/vendor/laravel/framework/src/Illuminate/Pipeline/Pipeline.php(183): Illuminate\\Http\\Middleware\\HandleCors->handle()
#47 /var/www/html/gallamattressapp/vendor/laravel/framework/src/Illuminate/Http/Middleware/TrustProxies.php(39): Illuminate\\Pipeline\\Pipeline->Illuminate\\Pipeline\\{closure}()
#48 /var/www/html/gallamattressapp/vendor/laravel/framework/src/Illuminate/Pipeline/Pipeline.php(183): Illuminate\\Http\\Middleware\\TrustProxies->handle()
#49 /var/www/html/gallamattressapp/vendor/laravel/framework/src/Illuminate/Pipeline/Pipeline.php(119): Illuminate\\Pipeline\\Pipeline->Illuminate\\Pipeline\\{closure}()
#50 /var/www/html/gallamattressapp/vendor/laravel/framework/src/Illuminate/Foundation/Http/Kernel.php(175): Illuminate\\Pipeline\\Pipeline->then()
#51 /var/www/html/gallamattressapp/vendor/laravel/framework/src/Illuminate/Foundation/Http/Kernel.php(144): Illuminate\\Foundation\\Http\\Kernel->sendRequestThroughRouter()
#52 /var/www/html/gallamattressapp/public/index.php(51): Illuminate\\Foundation\\Http\\Kernel->handle()
#53 /var/www/html/gallamattressapp/vendor/laravel/framework/src/Illuminate/Foundation/resources/server.php(16): require_once('...')
#54 {main}
"} 
[2025-11-27 16:43:52] local.INFO: total_rows: 54  
[2025-11-27 16:43:57] local.INFO: total_rows: 0  
[2025-11-27 16:44:03] local.INFO: total_rows: 54  
[2025-11-27 16:44:11] local.INFO: total_rows: 54  
[2025-11-27 16:46:24] local.INFO: total_rows: 54  
[2025-11-27 16:46:36] local.ERROR: Undefined property: stdClass::$updated_at {"userId":50,"exception":"[object] (ErrorException(code: 0): Undefined property: stdClass::$updated_at at /var/www/html/gallamattressapp/app/Http/Controllers/reports/ReportsController.php:105)
[stacktrace]
#0 /var/www/html/gallamattressapp/vendor/laravel/framework/src/Illuminate/Foundation/Bootstrap/HandleExceptions.php(255): Illuminate\\Foundation\\Bootstrap\\HandleExceptions->handleError()
#1 /var/www/html/gallamattressapp/app/Http/Controllers/reports/ReportsController.php(105): Illuminate\\Foundation\\Bootstrap\\HandleExceptions->Illuminate\\Foundation\\Bootstrap\\{closure}()
#2 /var/www/html/gallamattressapp/app/Http/Controllers/reports/ReportsController.php(170): App\\Http\\Controllers\\reports\\ReportsController->tableHeaderRowData()
#3 /var/www/html/gallamattressapp/vendor/laravel/framework/src/Illuminate/Routing/Controller.php(54): App\\Http\\Controllers\\reports\\ReportsController->list()
#4 /var/www/html/gallamattressapp/vendor/laravel/framework/src/Illuminate/Routing/ControllerDispatcher.php(43): Illuminate\\Routing\\Controller->callAction()
#5 /var/www/html/gallamattressapp/vendor/laravel/framework/src/Illuminate/Routing/Route.php(259): Illuminate\\Routing\\ControllerDispatcher->dispatch()
#6 /var/www/html/gallamattressapp/vendor/laravel/framework/src/Illuminate/Routing/Route.php(205): Illuminate\\Routing\\Route->runController()
#7 /var/www/html/gallamattressapp/vendor/laravel/framework/src/Illuminate/Routing/Router.php(806): Illuminate\\Routing\\Route->run()
#8 /var/www/html/gallamattressapp/vendor/laravel/framework/src/Illuminate/Pipeline/Pipeline.php(144): Illuminate\\Routing\\Router->Illuminate\\Routing\\{closure}()
#9 /var/www/html/gallamattressapp/app/Http/Middleware/CheckPermission.php(19): Illuminate\\Pipeline\\Pipeline->Illuminate\\Pipeline\\{closure}()
#10 /var/www/html/gallamattressapp/vendor/laravel/framework/src/Illuminate/Pipeline/Pipeline.php(183): App\\Http\\Middleware\\CheckPermission->handle()
#11 /var/www/html/gallamattressapp/app/Http/Middleware/PreventBackHistory.php(17): Illuminate\\Pipeline\\Pipeline->Illuminate\\Pipeline\\{closure}()
#12 /var/www/html/gallamattressapp/vendor/laravel/framework/src/Illuminate/Pipeline/Pipeline.php(183): App\\Http\\Middleware\\PreventBackHistory->handle()
#13 /var/www/html/gallamattressapp/vendor/laravel/framework/src/Illuminate/Routing/Middleware/SubstituteBindings.php(50): Illuminate\\Pipeline\\Pipeline->Illuminate\\Pipeline\\{closure}()
#14 /var/www/html/gallamattressapp/vendor/laravel/framework/src/Illuminate/Pipeline/Pipeline.php(183): Illuminate\\Routing\\Middleware\\SubstituteBindings->handle()
#15 /var/www/html/gallamattressapp/vendor/laravel/framework/src/Illuminate/Auth/Middleware/Authenticate.php(57): Illuminate\\Pipeline\\Pipeline->Illuminate\\Pipeline\\{closure}()
#16 /var/www/html/gallamattressapp/vendor/laravel/framework/src/Illuminate/Pipeline/Pipeline.php(183): Illuminate\\Auth\\Middleware\\Authenticate->handle()
#17 /var/www/html/gallamattressapp/vendor/laravel/framework/src/Illuminate/Foundation/Http/Middleware/VerifyCsrfToken.php(78): Illuminate\\Pipeline\\Pipeline->Illuminate\\Pipeline\\{closure}()
#18 /var/www/html/gallamattressapp/vendor/laravel/framework/src/Illuminate/Pipeline/Pipeline.php(183): Illuminate\\Foundation\\Http\\Middleware\\VerifyCsrfToken->handle()
#19 /var/www/html/gallamattressapp/vendor/laravel/framework/src/Illuminate/View/Middleware/ShareErrorsFromSession.php(49): Illuminate\\Pipeline\\Pipeline->Illuminate\\Pipeline\\{closure}()
#20 /var/www/html/gallamattressapp/vendor/laravel/framework/src/Illuminate/Pipeline/Pipeline.php(183): Illuminate\\View\\Middleware\\ShareErrorsFromSession->handle()
#21 /var/www/html/gallamattressapp/vendor/laravel/framework/src/Illuminate/Session/Middleware/StartSession.php(121): Illuminate\\Pipeline\\Pipeline->Illuminate\\Pipeline\\{closure}()
#22 /var/www/html/gallamattressapp/vendor/laravel/framework/src/Illuminate/Session/Middleware/StartSession.php(64): Illuminate\\Session\\Middleware\\StartSession->handleStatefulRequest()
#23 /var/www/html/gallamattressapp/vendor/laravel/framework/src/Illuminate/Pipeline/Pipeline.php(183): Illuminate\\Session\\Middleware\\StartSession->handle()
#24 /var/www/html/gallamattressapp/vendor/laravel/framework/src/Illuminate/Cookie/Middleware/AddQueuedCookiesToResponse.php(37): Illuminate\\Pipeline\\Pipeline->Illuminate\\Pipeline\\{closure}()
#25 /var/www/html/gallamattressapp/vendor/laravel/framework/src/Illuminate/Pipeline/Pipeline.php(183): Illuminate\\Cookie\\Middleware\\AddQueuedCookiesToResponse->handle()
#26 /var/www/html/gallamattressapp/vendor/laravel/framework/src/Illuminate/Cookie/Middleware/EncryptCookies.php(67): Illuminate\\Pipeline\\Pipeline->Illuminate\\Pipeline\\{closure}()
#27 /var/www/html/gallamattressapp/vendor/laravel/framework/src/Illuminate/Pipeline/Pipeline.php(183): Illuminate\\Cookie\\Middleware\\EncryptCookies->handle()
#28 /var/www/html/gallamattressapp/vendor/laravel/framework/src/Illuminate/Pipeline/Pipeline.php(119): Illuminate\\Pipeline\\Pipeline->Illuminate\\Pipeline\\{closure}()
#29 /var/www/html/gallamattressapp/vendor/laravel/framework/src/Illuminate/Routing/Router.php(805): Illuminate\\Pipeline\\Pipeline->then()
#30 /var/www/html/gallamattressapp/vendor/laravel/framework/src/Illuminate/Routing/Router.php(784): Illuminate\\Routing\\Router->runRouteWithinStack()
#31 /var/www/html/gallamattressapp/vendor/laravel/framework/src/Illuminate/Routing/Router.php(748): Illuminate\\Routing\\Router->runRoute()
#32 /var/www/html/gallamattressapp/vendor/laravel/framework/src/Illuminate/Routing/Router.php(737): Illuminate\\Routing\\Router->dispatchToRoute()
#33 /var/www/html/gallamattressapp/vendor/laravel/framework/src/Illuminate/Foundation/Http/Kernel.php(200): Illuminate\\Routing\\Router->dispatch()
#34 /var/www/html/gallamattressapp/vendor/laravel/framework/src/Illuminate/Pipeline/Pipeline.php(144): Illuminate\\Foundation\\Http\\Kernel->Illuminate\\Foundation\\Http\\{closure}()
#35 /var/www/html/gallamattressapp/vendor/laravel/framework/src/Illuminate/Foundation/Http/Middleware/TransformsRequest.php(21): Illuminate\\Pipeline\\Pipeline->Illuminate\\Pipeline\\{closure}()
#36 /var/www/html/gallamattressapp/vendor/laravel/framework/src/Illuminate/Foundation/Http/Middleware/ConvertEmptyStringsToNull.php(31): Illuminate\\Foundation\\Http\\Middleware\\TransformsRequest->handle()
#37 /var/www/html/gallamattressapp/vendor/laravel/framework/src/Illuminate/Pipeline/Pipeline.php(183): Illuminate\\Foundation\\Http\\Middleware\\ConvertEmptyStringsToNull->handle()
#38 /var/www/html/gallamattressapp/vendor/laravel/framework/src/Illuminate/Foundation/Http/Middleware/TransformsRequest.php(21): Illuminate\\Pipeline\\Pipeline->Illuminate\\Pipeline\\{closure}()
#39 /var/www/html/gallamattressapp/vendor/laravel/framework/src/Illuminate/Foundation/Http/Middleware/TrimStrings.php(40): Illuminate\\Foundation\\Http\\Middleware\\TransformsRequest->handle()
#40 /var/www/html/gallamattressapp/vendor/laravel/framework/src/Illuminate/Pipeline/Pipeline.php(183): Illuminate\\Foundation\\Http\\Middleware\\TrimStrings->handle()
#41 /var/www/html/gallamattressapp/vendor/laravel/framework/src/Illuminate/Foundation/Http/Middleware/ValidatePostSize.php(27): Illuminate\\Pipeline\\Pipeline->Illuminate\\Pipeline\\{closure}()
#42 /var/www/html/gallamattressapp/vendor/laravel/framework/src/Illuminate/Pipeline/Pipeline.php(183): Illuminate\\Foundation\\Http\\Middleware\\ValidatePostSize->handle()
#43 /var/www/html/gallamattressapp/vendor/laravel/framework/src/Illuminate/Foundation/Http/Middleware/PreventRequestsDuringMaintenance.php(99): Illuminate\\Pipeline\\Pipeline->Illuminate\\Pipeline\\{closure}()
#44 /var/www/html/gallamattressapp/vendor/laravel/framework/src/Illuminate/Pipeline/Pipeline.php(183): Illuminate\\Foundation\\Http\\Middleware\\PreventRequestsDuringMaintenance->handle()
#45 /var/www/html/gallamattressapp/vendor/laravel/framework/src/Illuminate/Http/Middleware/HandleCors.php(49): Illuminate\\Pipeline\\Pipeline->Illuminate\\Pipeline\\{closure}()
#46 /var/www/html/gallamattressapp/vendor/laravel/framework/src/Illuminate/Pipeline/Pipeline.php(183): Illuminate\\Http\\Middleware\\HandleCors->handle()
#47 /var/www/html/gallamattressapp/vendor/laravel/framework/src/Illuminate/Http/Middleware/TrustProxies.php(39): Illuminate\\Pipeline\\Pipeline->Illuminate\\Pipeline\\{closure}()
#48 /var/www/html/gallamattressapp/vendor/laravel/framework/src/Illuminate/Pipeline/Pipeline.php(183): Illuminate\\Http\\Middleware\\TrustProxies->handle()
#49 /var/www/html/gallamattressapp/vendor/laravel/framework/src/Illuminate/Pipeline/Pipeline.php(119): Illuminate\\Pipeline\\Pipeline->Illuminate\\Pipeline\\{closure}()
#50 /var/www/html/gallamattressapp/vendor/laravel/framework/src/Illuminate/Foundation/Http/Kernel.php(175): Illuminate\\Pipeline\\Pipeline->then()
#51 /var/www/html/gallamattressapp/vendor/laravel/framework/src/Illuminate/Foundation/Http/Kernel.php(144): Illuminate\\Foundation\\Http\\Kernel->sendRequestThroughRouter()
#52 /var/www/html/gallamattressapp/public/index.php(51): Illuminate\\Foundation\\Http\\Kernel->handle()
#53 /var/www/html/gallamattressapp/vendor/laravel/framework/src/Illuminate/Foundation/resources/server.php(16): require_once('...')
#54 {main}
"} 
[2025-11-27 16:47:39] local.INFO: total_rows: 54  
[2025-11-27 16:50:47] local.INFO: total_rows: 54  
[2025-11-27 16:50:49] local.INFO: total_rows: 54  
[2025-11-27 16:50:50] local.INFO: total_rows: 0  
[2025-11-27 16:50:51] local.INFO: total_rows: 0  
[2025-11-27 16:50:51] local.INFO: total_rows: 0  
[2025-11-27 16:50:53] local.INFO: total_rows: 0  
[2025-11-27 16:50:54] local.INFO: total_rows: 0  
[2025-11-27 16:50:55] local.INFO: total_rows: 0  
[2025-11-27 16:50:56] local.INFO: total_rows: 0  
[2025-11-27 16:50:58] local.INFO: total_rows: 0  
[2025-11-27 16:51:04] local.INFO: total_rows: 54  
[2025-11-27 16:51:08] local.ERROR: Undefined property: stdClass::$updated_at {"userId":50,"exception":"[object] (ErrorException(code: 0): Undefined property: stdClass::$updated_at at /var/www/html/gallamattressapp/app/Http/Controllers/reports/ReportsController.php:105)
[stacktrace]
#0 /var/www/html/gallamattressapp/vendor/laravel/framework/src/Illuminate/Foundation/Bootstrap/HandleExceptions.php(255): Illuminate\\Foundation\\Bootstrap\\HandleExceptions->handleError()
#1 /var/www/html/gallamattressapp/app/Http/Controllers/reports/ReportsController.php(105): Illuminate\\Foundation\\Bootstrap\\HandleExceptions->Illuminate\\Foundation\\Bootstrap\\{closure}()
#2 /var/www/html/gallamattressapp/app/Http/Controllers/reports/ReportsController.php(171): App\\Http\\Controllers\\reports\\ReportsController->tableHeaderRowData()
#3 /var/www/html/gallamattressapp/vendor/laravel/framework/src/Illuminate/Routing/Controller.php(54): App\\Http\\Controllers\\reports\\ReportsController->list()
#4 /var/www/html/gallamattressapp/vendor/laravel/framework/src/Illuminate/Routing/ControllerDispatcher.php(43): Illuminate\\Routing\\Controller->callAction()
#5 /var/www/html/gallamattressapp/vendor/laravel/framework/src/Illuminate/Routing/Route.php(259): Illuminate\\Routing\\ControllerDispatcher->dispatch()
#6 /var/www/html/gallamattressapp/vendor/laravel/framework/src/Illuminate/Routing/Route.php(205): Illuminate\\Routing\\Route->runController()
#7 /var/www/html/gallamattressapp/vendor/laravel/framework/src/Illuminate/Routing/Router.php(806): Illuminate\\Routing\\Route->run()
#8 /var/www/html/gallamattressapp/vendor/laravel/framework/src/Illuminate/Pipeline/Pipeline.php(144): Illuminate\\Routing\\Router->Illuminate\\Routing\\{closure}()
#9 /var/www/html/gallamattressapp/app/Http/Middleware/CheckPermission.php(19): Illuminate\\Pipeline\\Pipeline->Illuminate\\Pipeline\\{closure}()
#10 /var/www/html/gallamattressapp/vendor/laravel/framework/src/Illuminate/Pipeline/Pipeline.php(183): App\\Http\\Middleware\\CheckPermission->handle()
#11 /var/www/html/gallamattressapp/app/Http/Middleware/PreventBackHistory.php(17): Illuminate\\Pipeline\\Pipeline->Illuminate\\Pipeline\\{closure}()
#12 /var/www/html/gallamattressapp/vendor/laravel/framework/src/Illuminate/Pipeline/Pipeline.php(183): App\\Http\\Middleware\\PreventBackHistory->handle()
#13 /var/www/html/gallamattressapp/vendor/laravel/framework/src/Illuminate/Routing/Middleware/SubstituteBindings.php(50): Illuminate\\Pipeline\\Pipeline->Illuminate\\Pipeline\\{closure}()
#14 /var/www/html/gallamattressapp/vendor/laravel/framework/src/Illuminate/Pipeline/Pipeline.php(183): Illuminate\\Routing\\Middleware\\SubstituteBindings->handle()
#15 /var/www/html/gallamattressapp/vendor/laravel/framework/src/Illuminate/Auth/Middleware/Authenticate.php(57): Illuminate\\Pipeline\\Pipeline->Illuminate\\Pipeline\\{closure}()
#16 /var/www/html/gallamattressapp/vendor/laravel/framework/src/Illuminate/Pipeline/Pipeline.php(183): Illuminate\\Auth\\Middleware\\Authenticate->handle()
#17 /var/www/html/gallamattressapp/vendor/laravel/framework/src/Illuminate/Foundation/Http/Middleware/VerifyCsrfToken.php(78): Illuminate\\Pipeline\\Pipeline->Illuminate\\Pipeline\\{closure}()
#18 /var/www/html/gallamattressapp/vendor/laravel/framework/src/Illuminate/Pipeline/Pipeline.php(183): Illuminate\\Foundation\\Http\\Middleware\\VerifyCsrfToken->handle()
#19 /var/www/html/gallamattressapp/vendor/laravel/framework/src/Illuminate/View/Middleware/ShareErrorsFromSession.php(49): Illuminate\\Pipeline\\Pipeline->Illuminate\\Pipeline\\{closure}()
#20 /var/www/html/gallamattressapp/vendor/laravel/framework/src/Illuminate/Pipeline/Pipeline.php(183): Illuminate\\View\\Middleware\\ShareErrorsFromSession->handle()
#21 /var/www/html/gallamattressapp/vendor/laravel/framework/src/Illuminate/Session/Middleware/StartSession.php(121): Illuminate\\Pipeline\\Pipeline->Illuminate\\Pipeline\\{closure}()
#22 /var/www/html/gallamattressapp/vendor/laravel/framework/src/Illuminate/Session/Middleware/StartSession.php(64): Illuminate\\Session\\Middleware\\StartSession->handleStatefulRequest()
#23 /var/www/html/gallamattressapp/vendor/laravel/framework/src/Illuminate/Pipeline/Pipeline.php(183): Illuminate\\Session\\Middleware\\StartSession->handle()
#24 /var/www/html/gallamattressapp/vendor/laravel/framework/src/Illuminate/Cookie/Middleware/AddQueuedCookiesToResponse.php(37): Illuminate\\Pipeline\\Pipeline->Illuminate\\Pipeline\\{closure}()
#25 /var/www/html/gallamattressapp/vendor/laravel/framework/src/Illuminate/Pipeline/Pipeline.php(183): Illuminate\\Cookie\\Middleware\\AddQueuedCookiesToResponse->handle()
#26 /var/www/html/gallamattressapp/vendor/laravel/framework/src/Illuminate/Cookie/Middleware/EncryptCookies.php(67): Illuminate\\Pipeline\\Pipeline->Illuminate\\Pipeline\\{closure}()
#27 /var/www/html/gallamattressapp/vendor/laravel/framework/src/Illuminate/Pipeline/Pipeline.php(183): Illuminate\\Cookie\\Middleware\\EncryptCookies->handle()
#28 /var/www/html/gallamattressapp/vendor/laravel/framework/src/Illuminate/Pipeline/Pipeline.php(119): Illuminate\\Pipeline\\Pipeline->Illuminate\\Pipeline\\{closure}()
#29 /var/www/html/gallamattressapp/vendor/laravel/framework/src/Illuminate/Routing/Router.php(805): Illuminate\\Pipeline\\Pipeline->then()
#30 /var/www/html/gallamattressapp/vendor/laravel/framework/src/Illuminate/Routing/Router.php(784): Illuminate\\Routing\\Router->runRouteWithinStack()
#31 /var/www/html/gallamattressapp/vendor/laravel/framework/src/Illuminate/Routing/Router.php(748): Illuminate\\Routing\\Router->runRoute()
#32 /var/www/html/gallamattressapp/vendor/laravel/framework/src/Illuminate/Routing/Router.php(737): Illuminate\\Routing\\Router->dispatchToRoute()
#33 /var/www/html/gallamattressapp/vendor/laravel/framework/src/Illuminate/Foundation/Http/Kernel.php(200): Illuminate\\Routing\\Router->dispatch()
#34 /var/www/html/gallamattressapp/vendor/laravel/framework/src/Illuminate/Pipeline/Pipeline.php(144): Illuminate\\Foundation\\Http\\Kernel->Illuminate\\Foundation\\Http\\{closure}()
#35 /var/www/html/gallamattressapp/vendor/laravel/framework/src/Illuminate/Foundation/Http/Middleware/TransformsRequest.php(21): Illuminate\\Pipeline\\Pipeline->Illuminate\\Pipeline\\{closure}()
#36 /var/www/html/gallamattressapp/vendor/laravel/framework/src/Illuminate/Foundation/Http/Middleware/ConvertEmptyStringsToNull.php(31): Illuminate\\Foundation\\Http\\Middleware\\TransformsRequest->handle()
#37 /var/www/html/gallamattressapp/vendor/laravel/framework/src/Illuminate/Pipeline/Pipeline.php(183): Illuminate\\Foundation\\Http\\Middleware\\ConvertEmptyStringsToNull->handle()
#38 /var/www/html/gallamattressapp/vendor/laravel/framework/src/Illuminate/Foundation/Http/Middleware/TransformsRequest.php(21): Illuminate\\Pipeline\\Pipeline->Illuminate\\Pipeline\\{closure}()
#39 /var/www/html/gallamattressapp/vendor/laravel/framework/src/Illuminate/Foundation/Http/Middleware/TrimStrings.php(40): Illuminate\\Foundation\\Http\\Middleware\\TransformsRequest->handle()
#40 /var/www/html/gallamattressapp/vendor/laravel/framework/src/Illuminate/Pipeline/Pipeline.php(183): Illuminate\\Foundation\\Http\\Middleware\\TrimStrings->handle()
#41 /var/www/html/gallamattressapp/vendor/laravel/framework/src/Illuminate/Foundation/Http/Middleware/ValidatePostSize.php(27): Illuminate\\Pipeline\\Pipeline->Illuminate\\Pipeline\\{closure}()
#42 /var/www/html/gallamattressapp/vendor/laravel/framework/src/Illuminate/Pipeline/Pipeline.php(183): Illuminate\\Foundation\\Http\\Middleware\\ValidatePostSize->handle()
#43 /var/www/html/gallamattressapp/vendor/laravel/framework/src/Illuminate/Foundation/Http/Middleware/PreventRequestsDuringMaintenance.php(99): Illuminate\\Pipeline\\Pipeline->Illuminate\\Pipeline\\{closure}()
#44 /var/www/html/gallamattressapp/vendor/laravel/framework/src/Illuminate/Pipeline/Pipeline.php(183): Illuminate\\Foundation\\Http\\Middleware\\PreventRequestsDuringMaintenance->handle()
#45 /var/www/html/gallamattressapp/vendor/laravel/framework/src/Illuminate/Http/Middleware/HandleCors.php(49): Illuminate\\Pipeline\\Pipeline->Illuminate\\Pipeline\\{closure}()
#46 /var/www/html/gallamattressapp/vendor/laravel/framework/src/Illuminate/Pipeline/Pipeline.php(183): Illuminate\\Http\\Middleware\\HandleCors->handle()
#47 /var/www/html/gallamattressapp/vendor/laravel/framework/src/Illuminate/Http/Middleware/TrustProxies.php(39): Illuminate\\Pipeline\\Pipeline->Illuminate\\Pipeline\\{closure}()
#48 /var/www/html/gallamattressapp/vendor/laravel/framework/src/Illuminate/Pipeline/Pipeline.php(183): Illuminate\\Http\\Middleware\\TrustProxies->handle()
#49 /var/www/html/gallamattressapp/vendor/laravel/framework/src/Illuminate/Pipeline/Pipeline.php(119): Illuminate\\Pipeline\\Pipeline->Illuminate\\Pipeline\\{closure}()
#50 /var/www/html/gallamattressapp/vendor/laravel/framework/src/Illuminate/Foundation/Http/Kernel.php(175): Illuminate\\Pipeline\\Pipeline->then()
#51 /var/www/html/gallamattressapp/vendor/laravel/framework/src/Illuminate/Foundation/Http/Kernel.php(144): Illuminate\\Foundation\\Http\\Kernel->sendRequestThroughRouter()
#52 /var/www/html/gallamattressapp/public/index.php(51): Illuminate\\Foundation\\Http\\Kernel->handle()
#53 /var/www/html/gallamattressapp/vendor/laravel/framework/src/Illuminate/Foundation/resources/server.php(16): require_once('...')
#54 {main}
"} 
[2025-11-27 16:51:17] local.ERROR: Undefined property: stdClass::$updated_at {"userId":50,"exception":"[object] (ErrorException(code: 0): Undefined property: stdClass::$updated_at at /var/www/html/gallamattressapp/app/Http/Controllers/reports/ReportsController.php:105)
[stacktrace]
#0 /var/www/html/gallamattressapp/vendor/laravel/framework/src/Illuminate/Foundation/Bootstrap/HandleExceptions.php(255): Illuminate\\Foundation\\Bootstrap\\HandleExceptions->handleError()
#1 /var/www/html/gallamattressapp/app/Http/Controllers/reports/ReportsController.php(105): Illuminate\\Foundation\\Bootstrap\\HandleExceptions->Illuminate\\Foundation\\Bootstrap\\{closure}()
#2 /var/www/html/gallamattressapp/app/Http/Controllers/reports/ReportsController.php(171): App\\Http\\Controllers\\reports\\ReportsController->tableHeaderRowData()
#3 /var/www/html/gallamattressapp/vendor/laravel/framework/src/Illuminate/Routing/Controller.php(54): App\\Http\\Controllers\\reports\\ReportsController->list()
#4 /var/www/html/gallamattressapp/vendor/laravel/framework/src/Illuminate/Routing/ControllerDispatcher.php(43): Illuminate\\Routing\\Controller->callAction()
#5 /var/www/html/gallamattressapp/vendor/laravel/framework/src/Illuminate/Routing/Route.php(259): Illuminate\\Routing\\ControllerDispatcher->dispatch()
#6 /var/www/html/gallamattressapp/vendor/laravel/framework/src/Illuminate/Routing/Route.php(205): Illuminate\\Routing\\Route->runController()
#7 /var/www/html/gallamattressapp/vendor/laravel/framework/src/Illuminate/Routing/Router.php(806): Illuminate\\Routing\\Route->run()
#8 /var/www/html/gallamattressapp/vendor/laravel/framework/src/Illuminate/Pipeline/Pipeline.php(144): Illuminate\\Routing\\Router->Illuminate\\Routing\\{closure}()
#9 /var/www/html/gallamattressapp/app/Http/Middleware/CheckPermission.php(19): Illuminate\\Pipeline\\Pipeline->Illuminate\\Pipeline\\{closure}()
#10 /var/www/html/gallamattressapp/vendor/laravel/framework/src/Illuminate/Pipeline/Pipeline.php(183): App\\Http\\Middleware\\CheckPermission->handle()
#11 /var/www/html/gallamattressapp/app/Http/Middleware/PreventBackHistory.php(17): Illuminate\\Pipeline\\Pipeline->Illuminate\\Pipeline\\{closure}()
#12 /var/www/html/gallamattressapp/vendor/laravel/framework/src/Illuminate/Pipeline/Pipeline.php(183): App\\Http\\Middleware\\PreventBackHistory->handle()
#13 /var/www/html/gallamattressapp/vendor/laravel/framework/src/Illuminate/Routing/Middleware/SubstituteBindings.php(50): Illuminate\\Pipeline\\Pipeline->Illuminate\\Pipeline\\{closure}()
#14 /var/www/html/gallamattressapp/vendor/laravel/framework/src/Illuminate/Pipeline/Pipeline.php(183): Illuminate\\Routing\\Middleware\\SubstituteBindings->handle()
#15 /var/www/html/gallamattressapp/vendor/laravel/framework/src/Illuminate/Auth/Middleware/Authenticate.php(57): Illuminate\\Pipeline\\Pipeline->Illuminate\\Pipeline\\{closure}()
#16 /var/www/html/gallamattressapp/vendor/laravel/framework/src/Illuminate/Pipeline/Pipeline.php(183): Illuminate\\Auth\\Middleware\\Authenticate->handle()
#17 /var/www/html/gallamattressapp/vendor/laravel/framework/src/Illuminate/Foundation/Http/Middleware/VerifyCsrfToken.php(78): Illuminate\\Pipeline\\Pipeline->Illuminate\\Pipeline\\{closure}()
#18 /var/www/html/gallamattressapp/vendor/laravel/framework/src/Illuminate/Pipeline/Pipeline.php(183): Illuminate\\Foundation\\Http\\Middleware\\VerifyCsrfToken->handle()
#19 /var/www/html/gallamattressapp/vendor/laravel/framework/src/Illuminate/View/Middleware/ShareErrorsFromSession.php(49): Illuminate\\Pipeline\\Pipeline->Illuminate\\Pipeline\\{closure}()
#20 /var/www/html/gallamattressapp/vendor/laravel/framework/src/Illuminate/Pipeline/Pipeline.php(183): Illuminate\\View\\Middleware\\ShareErrorsFromSession->handle()
#21 /var/www/html/gallamattressapp/vendor/laravel/framework/src/Illuminate/Session/Middleware/StartSession.php(121): Illuminate\\Pipeline\\Pipeline->Illuminate\\Pipeline\\{closure}()
#22 /var/www/html/gallamattressapp/vendor/laravel/framework/src/Illuminate/Session/Middleware/StartSession.php(64): Illuminate\\Session\\Middleware\\StartSession->handleStatefulRequest()
#23 /var/www/html/gallamattressapp/vendor/laravel/framework/src/Illuminate/Pipeline/Pipeline.php(183): Illuminate\\Session\\Middleware\\StartSession->handle()
#24 /var/www/html/gallamattressapp/vendor/laravel/framework/src/Illuminate/Cookie/Middleware/AddQueuedCookiesToResponse.php(37): Illuminate\\Pipeline\\Pipeline->Illuminate\\Pipeline\\{closure}()
#25 /var/www/html/gallamattressapp/vendor/laravel/framework/src/Illuminate/Pipeline/Pipeline.php(183): Illuminate\\Cookie\\Middleware\\AddQueuedCookiesToResponse->handle()
#26 /var/www/html/gallamattressapp/vendor/laravel/framework/src/Illuminate/Cookie/Middleware/EncryptCookies.php(67): Illuminate\\Pipeline\\Pipeline->Illuminate\\Pipeline\\{closure}()
#27 /var/www/html/gallamattressapp/vendor/laravel/framework/src/Illuminate/Pipeline/Pipeline.php(183): Illuminate\\Cookie\\Middleware\\EncryptCookies->handle()
#28 /var/www/html/gallamattressapp/vendor/laravel/framework/src/Illuminate/Pipeline/Pipeline.php(119): Illuminate\\Pipeline\\Pipeline->Illuminate\\Pipeline\\{closure}()
#29 /var/www/html/gallamattressapp/vendor/laravel/framework/src/Illuminate/Routing/Router.php(805): Illuminate\\Pipeline\\Pipeline->then()
#30 /var/www/html/gallamattressapp/vendor/laravel/framework/src/Illuminate/Routing/Router.php(784): Illuminate\\Routing\\Router->runRouteWithinStack()
#31 /var/www/html/gallamattressapp/vendor/laravel/framework/src/Illuminate/Routing/Router.php(748): Illuminate\\Routing\\Router->runRoute()
#32 /var/www/html/gallamattressapp/vendor/laravel/framework/src/Illuminate/Routing/Router.php(737): Illuminate\\Routing\\Router->dispatchToRoute()
#33 /var/www/html/gallamattressapp/vendor/laravel/framework/src/Illuminate/Foundation/Http/Kernel.php(200): Illuminate\\Routing\\Router->dispatch()
#34 /var/www/html/gallamattressapp/vendor/laravel/framework/src/Illuminate/Pipeline/Pipeline.php(144): Illuminate\\Foundation\\Http\\Kernel->Illuminate\\Foundation\\Http\\{closure}()
#35 /var/www/html/gallamattressapp/vendor/laravel/framework/src/Illuminate/Foundation/Http/Middleware/TransformsRequest.php(21): Illuminate\\Pipeline\\Pipeline->Illuminate\\Pipeline\\{closure}()
#36 /var/www/html/gallamattressapp/vendor/laravel/framework/src/Illuminate/Foundation/Http/Middleware/ConvertEmptyStringsToNull.php(31): Illuminate\\Foundation\\Http\\Middleware\\TransformsRequest->handle()
#37 /var/www/html/gallamattressapp/vendor/laravel/framework/src/Illuminate/Pipeline/Pipeline.php(183): Illuminate\\Foundation\\Http\\Middleware\\ConvertEmptyStringsToNull->handle()
#38 /var/www/html/gallamattressapp/vendor/laravel/framework/src/Illuminate/Foundation/Http/Middleware/TransformsRequest.php(21): Illuminate\\Pipeline\\Pipeline->Illuminate\\Pipeline\\{closure}()
#39 /var/www/html/gallamattressapp/vendor/laravel/framework/src/Illuminate/Foundation/Http/Middleware/TrimStrings.php(40): Illuminate\\Foundation\\Http\\Middleware\\TransformsRequest->handle()
#40 /var/www/html/gallamattressapp/vendor/laravel/framework/src/Illuminate/Pipeline/Pipeline.php(183): Illuminate\\Foundation\\Http\\Middleware\\TrimStrings->handle()
#41 /var/www/html/gallamattressapp/vendor/laravel/framework/src/Illuminate/Foundation/Http/Middleware/ValidatePostSize.php(27): Illuminate\\Pipeline\\Pipeline->Illuminate\\Pipeline\\{closure}()
#42 /var/www/html/gallamattressapp/vendor/laravel/framework/src/Illuminate/Pipeline/Pipeline.php(183): Illuminate\\Foundation\\Http\\Middleware\\ValidatePostSize->handle()
#43 /var/www/html/gallamattressapp/vendor/laravel/framework/src/Illuminate/Foundation/Http/Middleware/PreventRequestsDuringMaintenance.php(99): Illuminate\\Pipeline\\Pipeline->Illuminate\\Pipeline\\{closure}()
#44 /var/www/html/gallamattressapp/vendor/laravel/framework/src/Illuminate/Pipeline/Pipeline.php(183): Illuminate\\Foundation\\Http\\Middleware\\PreventRequestsDuringMaintenance->handle()
#45 /var/www/html/gallamattressapp/vendor/laravel/framework/src/Illuminate/Http/Middleware/HandleCors.php(49): Illuminate\\Pipeline\\Pipeline->Illuminate\\Pipeline\\{closure}()
#46 /var/www/html/gallamattressapp/vendor/laravel/framework/src/Illuminate/Pipeline/Pipeline.php(183): Illuminate\\Http\\Middleware\\HandleCors->handle()
#47 /var/www/html/gallamattressapp/vendor/laravel/framework/src/Illuminate/Http/Middleware/TrustProxies.php(39): Illuminate\\Pipeline\\Pipeline->Illuminate\\Pipeline\\{closure}()
#48 /var/www/html/gallamattressapp/vendor/laravel/framework/src/Illuminate/Pipeline/Pipeline.php(183): Illuminate\\Http\\Middleware\\TrustProxies->handle()
#49 /var/www/html/gallamattressapp/vendor/laravel/framework/src/Illuminate/Pipeline/Pipeline.php(119): Illuminate\\Pipeline\\Pipeline->Illuminate\\Pipeline\\{closure}()
#50 /var/www/html/gallamattressapp/vendor/laravel/framework/src/Illuminate/Foundation/Http/Kernel.php(175): Illuminate\\Pipeline\\Pipeline->then()
#51 /var/www/html/gallamattressapp/vendor/laravel/framework/src/Illuminate/Foundation/Http/Kernel.php(144): Illuminate\\Foundation\\Http\\Kernel->sendRequestThroughRouter()
#52 /var/www/html/gallamattressapp/public/index.php(51): Illuminate\\Foundation\\Http\\Kernel->handle()
#53 /var/www/html/gallamattressapp/vendor/laravel/framework/src/Illuminate/Foundation/resources/server.php(16): require_once('...')
#54 {main}
"} 
[2025-11-27 16:54:04] local.INFO: total_rows: 54  
[2025-11-27 16:54:05] local.INFO: total_rows: 0  
[2025-11-27 16:54:10] local.INFO: total_rows: 54  
[2025-11-27 16:54:13] local.INFO: total_rows: 54  
[2025-11-27 16:54:35] local.INFO: total_rows: 8  
[2025-11-27 16:55:12] local.INFO: total_rows: 8  
[2025-11-27 16:55:16] local.INFO: total_rows: 0  
[2025-11-27 16:55:23] local.INFO: total_rows: 0  
[2025-11-27 16:55:25] local.INFO: total_rows: 10  
[2025-11-27 16:55:27] local.INFO: total_rows: 30  
[2025-11-27 16:55:29] local.INFO: total_rows: 30  
[2025-11-27 16:55:31] local.INFO: total_rows: 4  
[2025-11-27 16:55:32] local.INFO: total_rows: 10  
[2025-11-27 16:55:34] local.INFO: total_rows: 54  
[2025-11-27 16:55:35] local.INFO: total_rows: 54  
[2025-11-27 16:55:35] local.INFO: total_rows: 6  
[2025-11-27 16:55:36] local.INFO: total_rows: 8  
[2025-11-27 17:11:13] local.INFO: Gathering stage counts between 2025-10-29 00:00:00 and 2025-11-27 23:59:59  
[2025-11-27 17:11:24] local.INFO: Gathering stage counts between 2025-10-29 00:00:00 and 2025-11-27 23:59:59  
[2025-11-27 17:11:34] local.INFO: Gathering stage counts between 2025-10-29 00:00:00 and 2025-11-27 23:59:59  
[2025-11-27 17:11:44] local.INFO: Gathering stage counts between 2025-10-29 00:00:00 and 2025-11-27 23:59:59  
[2025-11-27 17:11:54] local.INFO: Gathering stage counts between 2025-10-29 00:00:00 and 2025-11-27 23:59:59  
[2025-11-27 17:12:04] local.INFO: Gathering stage counts between 2025-10-29 00:00:00 and 2025-11-27 23:59:59  
[2025-11-27 17:12:14] local.INFO: Gathering stage counts between 2025-10-29 00:00:00 and 2025-11-27 23:59:59  
[2025-11-27 17:12:24] local.INFO: Gathering stage counts between 2025-10-29 00:00:00 and 2025-11-27 23:59:59  
[2025-11-27 17:12:36] local.INFO: Gathering stage counts between 2025-10-29 00:00:00 and 2025-11-27 23:59:59  
[2025-11-27 17:13:36] local.INFO: Gathering stage counts between 2025-10-29 00:00:00 and 2025-11-27 23:59:59  
[2025-11-27 17:14:36] local.INFO: Gathering stage counts between 2025-10-29 00:00:00 and 2025-11-27 23:59:59  
[2025-11-27 17:15:36] local.INFO: Gathering stage counts between 2025-10-29 00:00:00 and 2025-11-27 23:59:59  
[2025-11-27 17:16:36] local.INFO: Gathering stage counts between 2025-10-29 00:00:00 and 2025-11-27 23:59:59  
[2025-11-27 17:17:36] local.INFO: Gathering stage counts between 2025-10-29 00:00:00 and 2025-11-27 23:59:59  
[2025-11-27 17:18:36] local.INFO: Gathering stage counts between 2025-10-29 00:00:00 and 2025-11-27 23:59:59  
[2025-11-27 17:19:36] local.INFO: Gathering stage counts between 2025-10-29 00:00:00 and 2025-11-27 23:59:59  
[2025-11-27 17:19:56] local.INFO: total_rows: 54  
[2025-11-27 17:20:25] local.INFO: total_rows: 8  
[2025-11-27 17:20:36] local.INFO: Gathering stage counts between 2025-10-29 00:00:00 and 2025-11-27 23:59:59  
[2025-11-27 17:20:43] local.INFO: total_rows: 30  
[2025-11-27 17:21:36] local.INFO: Gathering stage counts between 2025-10-29 00:00:00 and 2025-11-27 23:59:59  
[2025-11-27 17:22:36] local.INFO: Gathering stage counts between 2025-10-29 00:00:00 and 2025-11-27 23:59:59  
[2025-11-27 17:23:36] local.INFO: Gathering stage counts between 2025-10-29 00:00:00 and 2025-11-27 23:59:59  
[2025-11-27 17:24:36] local.INFO: Gathering stage counts between 2025-10-29 00:00:00 and 2025-11-27 23:59:59  
[2025-11-27 17:25:36] local.INFO: Gathering stage counts between 2025-10-29 00:00:00 and 2025-11-27 23:59:59  
[2025-11-27 17:26:36] local.INFO: Gathering stage counts between 2025-10-29 00:00:00 and 2025-11-27 23:59:59  
[2025-11-27 17:27:36] local.INFO: Gathering stage counts between 2025-10-29 00:00:00 and 2025-11-27 23:59:59  
[2025-11-27 17:28:36] local.INFO: Gathering stage counts between 2025-10-29 00:00:00 and 2025-11-27 23:59:59  
[2025-11-27 17:29:36] local.INFO: Gathering stage counts between 2025-10-29 00:00:00 and 2025-11-27 23:59:59  
[2025-11-27 17:29:49] local.INFO: Gathering stage counts between 2025-10-29 00:00:00 and 2025-11-27 23:59:59  
[2025-11-27 17:29:54] local.INFO: Gathering stage counts between 2025-10-29 00:00:00 and 2025-11-27 23:59:59  
[2025-11-27 17:30:04] local.INFO: Gathering stage counts between 2025-10-29 00:00:00 and 2025-11-27 23:59:59  
[2025-11-27 17:30:14] local.INFO: Gathering stage counts between 2025-10-29 00:00:00 and 2025-11-27 23:59:59  
[2025-11-27 17:30:24] local.INFO: Gathering stage counts between 2025-10-29 00:00:00 and 2025-11-27 23:59:59  
[2025-11-27 17:30:34] local.INFO: Gathering stage counts between 2025-10-29 00:00:00 and 2025-11-27 23:59:59  
[2025-11-27 17:30:44] local.INFO: Gathering stage counts between 2025-10-29 00:00:00 and 2025-11-27 23:59:59  
[2025-11-27 17:30:54] local.INFO: Gathering stage counts between 2025-10-29 00:00:00 and 2025-11-27 23:59:59  
[2025-11-27 17:31:04] local.INFO: Gathering stage counts between 2025-10-29 00:00:00 and 2025-11-27 23:59:59  
[2025-11-27 17:31:14] local.INFO: Gathering stage counts between 2025-10-29 00:00:00 and 2025-11-27 23:59:59  
[2025-11-27 17:31:24] local.INFO: Gathering stage counts between 2025-10-29 00:00:00 and 2025-11-27 23:59:59  
[2025-11-27 17:31:34] local.INFO: Gathering stage counts between 2025-10-29 00:00:00 and 2025-11-27 23:59:59  
[2025-11-27 17:31:44] local.INFO: Gathering stage counts between 2025-10-29 00:00:00 and 2025-11-27 23:59:59  
[2025-11-27 17:31:54] local.INFO: Gathering stage counts between 2025-10-29 00:00:00 and 2025-11-27 23:59:59  
[2025-11-27 17:32:04] local.INFO: Gathering stage counts between 2025-10-29 00:00:00 and 2025-11-27 23:59:59  
[2025-11-27 17:32:14] local.INFO: Gathering stage counts between 2025-10-29 00:00:00 and 2025-11-27 23:59:59  
[2025-11-27 17:32:24] local.INFO: Gathering stage counts between 2025-10-29 00:00:00 and 2025-11-27 23:59:59  
[2025-11-27 17:32:34] local.INFO: Gathering stage counts between 2025-10-29 00:00:00 and 2025-11-27 23:59:59  
[2025-11-27 17:32:44] local.INFO: Gathering stage counts between 2025-10-29 00:00:00 and 2025-11-27 23:59:59  
[2025-11-27 17:32:54] local.INFO: Gathering stage counts between 2025-10-29 00:00:00 and 2025-11-27 23:59:59  
[2025-11-27 17:33:04] local.INFO: Gathering stage counts between 2025-10-29 00:00:00 and 2025-11-27 23:59:59  
[2025-11-27 17:33:14] local.INFO: Gathering stage counts between 2025-10-29 00:00:00 and 2025-11-27 23:59:59  
[2025-11-27 17:33:24] local.INFO: Gathering stage counts between 2025-10-29 00:00:00 and 2025-11-27 23:59:59  
[2025-11-27 17:33:34] local.INFO: Gathering stage counts between 2025-10-29 00:00:00 and 2025-11-27 23:59:59  
[2025-11-27 17:33:44] local.INFO: Gathering stage counts between 2025-10-29 00:00:00 and 2025-11-27 23:59:59  
[2025-11-27 17:33:54] local.INFO: Gathering stage counts between 2025-10-29 00:00:00 and 2025-11-27 23:59:59  
[2025-11-27 17:34:04] local.INFO: Gathering stage counts between 2025-10-29 00:00:00 and 2025-11-27 23:59:59  
[2025-11-27 17:34:36] local.INFO: Gathering stage counts between 2025-10-29 00:00:00 and 2025-11-27 23:59:59  
[2025-11-27 17:35:36] local.INFO: Gathering stage counts between 2025-10-29 00:00:00 and 2025-11-27 23:59:59  
[2025-11-27 17:36:36] local.INFO: Gathering stage counts between 2025-10-29 00:00:00 and 2025-11-27 23:59:59  
[2025-11-27 17:37:36] local.INFO: Gathering stage counts between 2025-10-29 00:00:00 and 2025-11-27 23:59:59  
[2025-11-27 17:38:36] local.INFO: Gathering stage counts between 2025-10-29 00:00:00 and 2025-11-27 23:59:59  
[2025-11-27 17:39:36] local.INFO: Gathering stage counts between 2025-10-29 00:00:00 and 2025-11-27 23:59:59  
[2025-11-27 17:40:36] local.INFO: Gathering stage counts between 2025-10-29 00:00:00 and 2025-11-27 23:59:59  
[2025-11-27 17:41:36] local.INFO: Gathering stage counts between 2025-10-29 00:00:00 and 2025-11-27 23:59:59  
[2025-11-27 17:42:36] local.INFO: Gathering stage counts between 2025-10-29 00:00:00 and 2025-11-27 23:59:59  
[2025-11-27 17:43:36] local.INFO: Gathering stage counts between 2025-10-29 00:00:00 and 2025-11-27 23:59:59  
[2025-11-27 17:44:36] local.INFO: Gathering stage counts between 2025-10-29 00:00:00 and 2025-11-27 23:59:59  
[2025-11-27 17:45:36] local.INFO: Gathering stage counts between 2025-10-29 00:00:00 and 2025-11-27 23:59:59  
[2025-11-27 17:46:36] local.INFO: Gathering stage counts between 2025-10-29 00:00:00 and 2025-11-27 23:59:59  
[2025-11-27 17:47:36] local.INFO: Gathering stage counts between 2025-10-29 00:00:00 and 2025-11-27 23:59:59  
[2025-11-27 17:48:36] local.INFO: Gathering stage counts between 2025-10-29 00:00:00 and 2025-11-27 23:59:59  
[2025-11-27 17:49:36] local.INFO: Gathering stage counts between 2025-10-29 00:00:00 and 2025-11-27 23:59:59  
[2025-11-27 17:50:36] local.INFO: Gathering stage counts between 2025-10-29 00:00:00 and 2025-11-27 23:59:59  
[2025-11-27 17:51:36] local.INFO: Gathering stage counts between 2025-10-29 00:00:00 and 2025-11-27 23:59:59  
[2025-11-27 17:52:36] local.INFO: Gathering stage counts between 2025-10-29 00:00:00 and 2025-11-27 23:59:59  
[2025-11-27 17:53:36] local.INFO: Gathering stage counts between 2025-10-29 00:00:00 and 2025-11-27 23:59:59  
[2025-11-27 17:54:36] local.INFO: Gathering stage counts between 2025-10-29 00:00:00 and 2025-11-27 23:59:59  
[2025-11-27 17:55:36] local.INFO: Gathering stage counts between 2025-10-29 00:00:00 and 2025-11-27 23:59:59  
[2025-11-27 17:56:36] local.INFO: Gathering stage counts between 2025-10-29 00:00:00 and 2025-11-27 23:59:59  
[2025-11-27 17:57:36] local.INFO: Gathering stage counts between 2025-10-29 00:00:00 and 2025-11-27 23:59:59  
[2025-11-27 17:58:36] local.INFO: Gathering stage counts between 2025-10-29 00:00:00 and 2025-11-27 23:59:59  
[2025-11-27 17:59:36] local.INFO: Gathering stage counts between 2025-10-29 00:00:00 and 2025-11-27 23:59:59  
[2025-11-27 18:00:36] local.INFO: Gathering stage counts between 2025-10-29 00:00:00 and 2025-11-27 23:59:59  
[2025-11-27 18:01:36] local.INFO: Gathering stage counts between 2025-10-29 00:00:00 and 2025-11-27 23:59:59  
[2025-11-27 18:02:36] local.INFO: Gathering stage counts between 2025-10-29 00:00:00 and 2025-11-27 23:59:59  
[2025-11-27 18:03:36] local.INFO: Gathering stage counts between 2025-10-29 00:00:00 and 2025-11-27 23:59:59  
[2025-11-27 18:04:36] local.INFO: Gathering stage counts between 2025-10-29 00:00:00 and 2025-11-27 23:59:59  
[2025-11-27 18:05:36] local.INFO: Gathering stage counts between 2025-10-29 00:00:00 and 2025-11-27 23:59:59  
[2025-11-27 18:06:36] local.INFO: Gathering stage counts between 2025-10-29 00:00:00 and 2025-11-27 23:59:59  
[2025-11-27 18:07:36] local.INFO: Gathering stage counts between 2025-10-29 00:00:00 and 2025-11-27 23:59:59  
[2025-11-27 18:08:36] local.INFO: Gathering stage counts between 2025-10-29 00:00:00 and 2025-11-27 23:59:59  
[2025-11-27 18:09:36] local.INFO: Gathering stage counts between 2025-10-29 00:00:00 and 2025-11-27 23:59:59  
[2025-11-27 18:10:36] local.INFO: Gathering stage counts between 2025-10-29 00:00:00 and 2025-11-27 23:59:59  
[2025-11-27 18:11:36] local.INFO: Gathering stage counts between 2025-10-29 00:00:00 and 2025-11-27 23:59:59  
[2025-11-27 18:12:36] local.INFO: Gathering stage counts between 2025-10-29 00:00:00 and 2025-11-27 23:59:59  
[2025-11-27 18:13:36] local.INFO: Gathering stage counts between 2025-10-29 00:00:00 and 2025-11-27 23:59:59  
[2025-11-27 18:14:36] local.INFO: Gathering stage counts between 2025-10-29 00:00:00 and 2025-11-27 23:59:59  
[2025-11-27 18:15:36] local.INFO: Gathering stage counts between 2025-10-29 00:00:00 and 2025-11-27 23:59:59  
[2025-11-27 18:16:36] local.INFO: Gathering stage counts between 2025-10-29 00:00:00 and 2025-11-27 23:59:59  
[2025-11-27 18:17:18] local.INFO: total_rows: 0  
[2025-11-27 18:17:21] local.INFO: total_rows: 0  
[2025-11-27 18:17:22] local.INFO: total_rows: 0  
[2025-11-27 18:17:23] local.INFO: total_rows: 0  
[2025-11-27 18:17:24] local.INFO: total_rows: 0  
[2025-11-27 18:17:24] local.INFO: total_rows: 0  
[2025-11-27 18:17:25] local.INFO: total_rows: 0  
[2025-11-27 18:17:26] local.INFO: total_rows: 0  
[2025-11-27 18:17:27] local.INFO: total_rows: 0  
[2025-11-27 18:17:31] local.INFO: total_rows: 13  
[2025-11-27 18:17:33] local.INFO: total_rows: 13  
[2025-11-27 18:17:34] local.INFO: total_rows: 6  
[2025-11-27 18:17:35] local.INFO: total_rows: 6  
[2025-11-27 18:17:35] local.INFO: total_rows: 4  
[2025-11-27 18:17:36] local.INFO: Gathering stage counts between 2025-10-29 00:00:00 and 2025-11-27 23:59:59  
[2025-11-27 18:17:36] local.INFO: total_rows: 12  
[2025-11-27 18:17:37] local.INFO: total_rows: 12  
[2025-11-27 18:17:38] local.INFO: total_rows: 8  
[2025-11-27 18:17:48] local.INFO: total_rows: 13  
[2025-11-27 18:18:36] local.INFO: Gathering stage counts between 2025-10-29 00:00:00 and 2025-11-27 23:59:59  
[2025-11-27 18:19:36] local.INFO: Gathering stage counts between 2025-10-29 00:00:00 and 2025-11-27 23:59:59  
[2025-11-27 18:20:36] local.INFO: Gathering stage counts between 2025-10-29 00:00:00 and 2025-11-27 23:59:59  
[2025-11-27 18:21:36] local.INFO: Gathering stage counts between 2025-10-29 00:00:00 and 2025-11-27 23:59:59  
[2025-11-27 18:21:43] local.INFO: total_rows: 0  
[2025-11-27 18:21:45] local.INFO: total_rows: 0  
[2025-11-27 18:22:10] local.INFO: total_rows: 0  
[2025-11-27 18:22:16] local.INFO: total_rows: 0  
[2025-11-27 18:22:17] local.INFO: total_rows: 0  
[2025-11-27 18:22:18] local.INFO: total_rows: 0  
[2025-11-27 18:22:18] local.INFO: total_rows: 0  
[2025-11-27 18:22:20] local.INFO: total_rows: 0  
[2025-11-27 18:22:36] local.INFO: Gathering stage counts between 2025-10-29 00:00:00 and 2025-11-27 23:59:59  
[2025-11-27 18:23:36] local.INFO: Gathering stage counts between 2025-10-29 00:00:00 and 2025-11-27 23:59:59  
[2025-11-27 18:24:30] local.INFO: total_rows: 0  
[2025-11-27 18:24:33] local.INFO: total_rows: 0  
[2025-11-27 18:24:36] local.INFO: Gathering stage counts between 2025-10-29 00:00:00 and 2025-11-27 23:59:59  
[2025-11-27 18:24:37] local.INFO: total_rows: 13  
[2025-11-27 18:25:23] local.INFO: total_rows: 0  
[2025-11-27 18:25:36] local.INFO: Gathering stage counts between 2025-10-29 00:00:00 and 2025-11-27 23:59:59  
[2025-11-27 18:26:36] local.INFO: Gathering stage counts between 2025-10-29 00:00:00 and 2025-11-27 23:59:59  
[2025-11-27 18:27:36] local.INFO: Gathering stage counts between 2025-10-29 00:00:00 and 2025-11-27 23:59:59  
[2025-11-27 18:28:36] local.INFO: Gathering stage counts between 2025-10-29 00:00:00 and 2025-11-27 23:59:59  
[2025-11-27 18:29:08] local.INFO: total_rows: 0  
[2025-11-27 18:29:36] local.INFO: Gathering stage counts between 2025-10-29 00:00:00 and 2025-11-27 23:59:59  
[2025-11-27 18:30:36] local.INFO: Gathering stage counts between 2025-10-29 00:00:00 and 2025-11-27 23:59:59  
[2025-11-27 18:31:36] local.INFO: Gathering stage counts between 2025-10-29 00:00:00 and 2025-11-27 23:59:59  
[2025-11-27 18:32:36] local.INFO: Gathering stage counts between 2025-10-29 00:00:00 and 2025-11-27 23:59:59  
[2025-11-27 18:33:36] local.INFO: Gathering stage counts between 2025-10-29 00:00:00 and 2025-11-27 23:59:59  
[2025-11-27 18:34:36] local.INFO: Gathering stage counts between 2025-10-29 00:00:00 and 2025-11-27 23:59:59  
[2025-11-27 18:35:36] local.INFO: Gathering stage counts between 2025-10-29 00:00:00 and 2025-11-27 23:59:59  
[2025-11-27 18:36:36] local.INFO: Gathering stage counts between 2025-10-29 00:00:00 and 2025-11-27 23:59:59  
[2025-11-27 18:37:36] local.INFO: Gathering stage counts between 2025-10-29 00:00:00 and 2025-11-27 23:59:59  
[2025-11-27 18:38:36] local.INFO: Gathering stage counts between 2025-10-29 00:00:00 and 2025-11-27 23:59:59  
[2025-11-27 18:39:36] local.INFO: Gathering stage counts between 2025-10-29 00:00:00 and 2025-11-27 23:59:59  
[2025-11-27 18:40:36] local.INFO: Gathering stage counts between 2025-10-29 00:00:00 and 2025-11-27 23:59:59  
[2025-11-27 18:41:36] local.INFO: Gathering stage counts between 2025-10-29 00:00:00 and 2025-11-27 23:59:59  
[2025-11-27 18:42:36] local.INFO: Gathering stage counts between 2025-10-29 00:00:00 and 2025-11-27 23:59:59  
[2025-11-27 18:43:36] local.INFO: Gathering stage counts between 2025-10-29 00:00:00 and 2025-11-27 23:59:59  
[2025-11-27 18:44:36] local.INFO: Gathering stage counts between 2025-10-29 00:00:00 and 2025-11-27 23:59:59  
[2025-11-27 18:45:36] local.INFO: Gathering stage counts between 2025-10-29 00:00:00 and 2025-11-27 23:59:59  
[2025-11-27 18:46:36] local.INFO: Gathering stage counts between 2025-10-29 00:00:00 and 2025-11-27 23:59:59  
[2025-11-27 18:47:36] local.INFO: Gathering stage counts between 2025-10-29 00:00:00 and 2025-11-27 23:59:59  
[2025-11-27 18:48:36] local.INFO: Gathering stage counts between 2025-10-29 00:00:00 and 2025-11-27 23:59:59  
[2025-11-27 18:49:36] local.INFO: Gathering stage counts between 2025-10-29 00:00:00 and 2025-11-27 23:59:59  
[2025-11-27 18:50:36] local.INFO: Gathering stage counts between 2025-10-29 00:00:00 and 2025-11-27 23:59:59  
[2025-11-27 18:51:36] local.INFO: Gathering stage counts between 2025-10-29 00:00:00 and 2025-11-27 23:59:59  
[2025-11-27 18:52:36] local.INFO: Gathering stage counts between 2025-10-29 00:00:00 and 2025-11-27 23:59:59  
[2025-11-27 18:53:36] local.INFO: Gathering stage counts between 2025-10-29 00:00:00 and 2025-11-27 23:59:59  
[2025-11-27 18:54:36] local.INFO: Gathering stage counts between 2025-10-29 00:00:00 and 2025-11-27 23:59:59  
[2025-11-27 18:55:36] local.INFO: Gathering stage counts between 2025-10-29 00:00:00 and 2025-11-27 23:59:59  
[2025-11-27 18:56:36] local.INFO: Gathering stage counts between 2025-10-29 00:00:00 and 2025-11-27 23:59:59  
[2025-11-27 18:56:44] local.INFO: Gathering stage counts between 2025-10-29 00:00:00 and 2025-11-27 23:59:59  
[2025-11-27 18:56:54] local.INFO: Gathering stage counts between 2025-10-29 00:00:00 and 2025-11-27 23:59:59  
[2025-11-27 18:57:04] local.INFO: Gathering stage counts between 2025-10-29 00:00:00 and 2025-11-27 23:59:59  
[2025-11-27 18:57:14] local.INFO: Gathering stage counts between 2025-10-29 00:00:00 and 2025-11-27 23:59:59  
[2025-11-27 18:57:24] local.INFO: Gathering stage counts between 2025-10-29 00:00:00 and 2025-11-27 23:59:59  
[2025-11-27 18:57:34] local.INFO: Gathering stage counts between 2025-10-29 00:00:00 and 2025-11-27 23:59:59  
[2025-11-27 18:57:44] local.INFO: Gathering stage counts between 2025-10-29 00:00:00 and 2025-11-27 23:59:59  
[2025-11-27 18:57:54] local.INFO: Gathering stage counts between 2025-10-29 00:00:00 and 2025-11-27 23:59:59  
[2025-11-27 18:58:04] local.INFO: Gathering stage counts between 2025-10-29 00:00:00 and 2025-11-27 23:59:59  
[2025-11-27 18:58:14] local.INFO: Gathering stage counts between 2025-10-29 00:00:00 and 2025-11-27 23:59:59  
[2025-11-27 18:58:24] local.INFO: Gathering stage counts between 2025-10-29 00:00:00 and 2025-11-27 23:59:59  
[2025-11-27 18:58:34] local.INFO: Gathering stage counts between 2025-10-29 00:00:00 and 2025-11-27 23:59:59  
[2025-11-27 18:58:44] local.INFO: Gathering stage counts between 2025-10-29 00:00:00 and 2025-11-27 23:59:59  
[2025-11-27 18:58:54] local.INFO: Gathering stage counts between 2025-10-29 00:00:00 and 2025-11-27 23:59:59  
[2025-11-27 18:59:04] local.INFO: Gathering stage counts between 2025-10-29 00:00:00 and 2025-11-27 23:59:59  
[2025-11-27 18:59:14] local.INFO: Gathering stage counts between 2025-10-29 00:00:00 and 2025-11-27 23:59:59  
[2025-11-27 18:59:24] local.INFO: Gathering stage counts between 2025-10-29 00:00:00 and 2025-11-27 23:59:59  
[2025-11-27 18:59:34] local.INFO: Gathering stage counts between 2025-10-29 00:00:00 and 2025-11-27 23:59:59  
[2025-11-27 18:59:44] local.INFO: Gathering stage counts between 2025-10-29 00:00:00 and 2025-11-27 23:59:59  
[2025-11-27 19:00:36] local.INFO: Gathering stage counts between 2025-10-29 00:00:00 and 2025-11-27 23:59:59  
[2025-11-27 19:01:36] local.INFO: Gathering stage counts between 2025-10-29 00:00:00 and 2025-11-27 23:59:59  
[2025-11-27 19:02:36] local.INFO: Gathering stage counts between 2025-10-29 00:00:00 and 2025-11-27 23:59:59  
[2025-11-27 19:03:36] local.INFO: Gathering stage counts between 2025-10-29 00:00:00 and 2025-11-27 23:59:59  
[2025-11-27 19:04:36] local.INFO: Gathering stage counts between 2025-10-29 00:00:00 and 2025-11-27 23:59:59  
[2025-11-27 19:05:36] local.INFO: Gathering stage counts between 2025-10-29 00:00:00 and 2025-11-27 23:59:59  
[2025-11-27 19:06:36] local.INFO: Gathering stage counts between 2025-10-29 00:00:00 and 2025-11-27 23:59:59  
[2025-11-27 19:07:36] local.INFO: Gathering stage counts between 2025-10-29 00:00:00 and 2025-11-27 23:59:59  
[2025-11-27 19:08:36] local.INFO: Gathering stage counts between 2025-10-29 00:00:00 and 2025-11-27 23:59:59  
[2025-11-27 19:09:36] local.INFO: Gathering stage counts between 2025-10-29 00:00:00 and 2025-11-27 23:59:59  
[2025-11-27 19:09:49] local.INFO: Gathering stage counts between 2025-10-29 00:00:00 and 2025-11-27 23:59:59  
[2025-11-27 19:09:54] local.INFO: Gathering stage counts between 2025-10-29 00:00:00 and 2025-11-27 23:59:59  
[2025-11-27 19:10:04] local.INFO: Gathering stage counts between 2025-10-29 00:00:00 and 2025-11-27 23:59:59  
[2025-11-27 19:10:14] local.INFO: Gathering stage counts between 2025-10-29 00:00:00 and 2025-11-27 23:59:59  
[2025-11-27 19:10:24] local.INFO: Gathering stage counts between 2025-10-29 00:00:00 and 2025-11-27 23:59:59  
[2025-11-27 19:10:34] local.INFO: Gathering stage counts between 2025-10-29 00:00:00 and 2025-11-27 23:59:59  
[2025-11-27 19:10:44] local.INFO: Gathering stage counts between 2025-10-29 00:00:00 and 2025-11-27 23:59:59  
[2025-11-27 19:11:36] local.INFO: Gathering stage counts between 2025-10-29 00:00:00 and 2025-11-27 23:59:59  
[2025-11-27 19:12:36] local.INFO: Gathering stage counts between 2025-10-29 00:00:00 and 2025-11-27 23:59:59  
[2025-11-27 19:13:36] local.INFO: Gathering stage counts between 2025-10-29 00:00:00 and 2025-11-27 23:59:59  
[2025-11-27 19:14:36] local.INFO: Gathering stage counts between 2025-10-29 00:00:00 and 2025-11-27 23:59:59  
[2025-11-27 19:15:36] local.INFO: Gathering stage counts between 2025-10-29 00:00:00 and 2025-11-27 23:59:59  
[2025-11-27 19:16:36] local.INFO: Gathering stage counts between 2025-10-29 00:00:00 and 2025-11-27 23:59:59  
[2025-11-27 19:17:36] local.INFO: Gathering stage counts between 2025-10-29 00:00:00 and 2025-11-27 23:59:59  
[2025-11-27 19:17:44] local.INFO: Gathering stage counts between 2025-10-29 00:00:00 and 2025-11-27 23:59:59  
[2025-11-27 19:17:54] local.INFO: Gathering stage counts between 2025-10-29 00:00:00 and 2025-11-27 23:59:59  
[2025-11-27 19:18:04] local.INFO: Gathering stage counts between 2025-10-29 00:00:00 and 2025-11-27 23:59:59  
[2025-11-27 19:18:14] local.INFO: Gathering stage counts between 2025-10-29 00:00:00 and 2025-11-27 23:59:59  
[2025-11-27 19:18:24] local.INFO: Gathering stage counts between 2025-10-29 00:00:00 and 2025-11-27 23:59:59  
[2025-11-27 19:18:34] local.INFO: Gathering stage counts between 2025-10-29 00:00:00 and 2025-11-27 23:59:59  
[2025-11-27 19:18:44] local.INFO: Gathering stage counts between 2025-10-29 00:00:00 and 2025-11-27 23:59:59  
[2025-11-27 19:18:54] local.INFO: Gathering stage counts between 2025-10-29 00:00:00 and 2025-11-27 23:59:59  
[2025-11-27 19:19:04] local.INFO: Gathering stage counts between 2025-10-29 00:00:00 and 2025-11-27 23:59:59  
[2025-11-27 19:19:14] local.INFO: Gathering stage counts between 2025-10-29 00:00:00 and 2025-11-27 23:59:59  
[2025-11-27 19:19:24] local.INFO: Gathering stage counts between 2025-10-29 00:00:00 and 2025-11-27 23:59:59  
[2025-11-27 19:19:34] local.INFO: Gathering stage counts between 2025-10-29 00:00:00 and 2025-11-27 23:59:59  
[2025-11-27 19:19:44] local.INFO: Gathering stage counts between 2025-10-29 00:00:00 and 2025-11-27 23:59:59  
[2025-11-27 19:19:54] local.INFO: Gathering stage counts between 2025-10-29 00:00:00 and 2025-11-27 23:59:59  
[2025-11-27 19:20:04] local.INFO: Gathering stage counts between 2025-10-29 00:00:00 and 2025-11-27 23:59:59  
[2025-11-27 19:20:14] local.INFO: Gathering stage counts between 2025-10-29 00:00:00 and 2025-11-27 23:59:59  
[2025-11-27 19:20:24] local.INFO: Gathering stage counts between 2025-10-29 00:00:00 and 2025-11-27 23:59:59  
[2025-11-27 19:20:34] local.INFO: Gathering stage counts between 2025-10-29 00:00:00 and 2025-11-27 23:59:59  
[2025-11-27 19:20:44] local.INFO: Gathering stage counts between 2025-10-29 00:00:00 and 2025-11-27 23:59:59  
[2025-11-27 19:20:54] local.INFO: Gathering stage counts between 2025-10-29 00:00:00 and 2025-11-27 23:59:59  
[2025-11-27 19:21:04] local.INFO: Gathering stage counts between 2025-10-29 00:00:00 and 2025-11-27 23:59:59  
[2025-11-27 19:21:14] local.INFO: Gathering stage counts between 2025-10-29 00:00:00 and 2025-11-27 23:59:59  
[2025-11-27 19:21:24] local.INFO: Gathering stage counts between 2025-10-29 00:00:00 and 2025-11-27 23:59:59  
[2025-11-27 19:21:34] local.INFO: Gathering stage counts between 2025-10-29 00:00:00 and 2025-11-27 23:59:59  
[2025-11-27 19:21:44] local.INFO: Gathering stage counts between 2025-10-29 00:00:00 and 2025-11-27 23:59:59  
[2025-11-27 19:22:36] local.INFO: Gathering stage counts between 2025-10-29 00:00:00 and 2025-11-27 23:59:59  
[2025-11-27 19:23:36] local.INFO: Gathering stage counts between 2025-10-29 00:00:00 and 2025-11-27 23:59:59  
[2025-11-27 19:24:36] local.INFO: Gathering stage counts between 2025-10-29 00:00:00 and 2025-11-27 23:59:59  
[2025-11-27 19:25:36] local.INFO: Gathering stage counts between 2025-10-29 00:00:00 and 2025-11-27 23:59:59  
[2025-11-27 19:26:36] local.INFO: Gathering stage counts between 2025-10-29 00:00:00 and 2025-11-27 23:59:59  
[2025-11-27 19:27:36] local.INFO: Gathering stage counts between 2025-10-29 00:00:00 and 2025-11-27 23:59:59  
[2025-11-27 19:28:36] local.INFO: Gathering stage counts between 2025-10-29 00:00:00 and 2025-11-27 23:59:59  
[2025-11-27 19:29:36] local.INFO: Gathering stage counts between 2025-10-29 00:00:00 and 2025-11-27 23:59:59  
[2025-11-27 19:30:36] local.INFO: Gathering stage counts between 2025-10-29 00:00:00 and 2025-11-27 23:59:59  
[2025-11-27 19:31:36] local.INFO: Gathering stage counts between 2025-10-29 00:00:00 and 2025-11-27 23:59:59  
[2025-11-27 19:32:36] local.INFO: Gathering stage counts between 2025-10-29 00:00:00 and 2025-11-27 23:59:59  
[2025-11-27 19:33:36] local.INFO: Gathering stage counts between 2025-10-29 00:00:00 and 2025-11-27 23:59:59  
[2025-11-27 19:34:36] local.INFO: Gathering stage counts between 2025-10-29 00:00:00 and 2025-11-27 23:59:59  
[2025-11-27 19:35:36] local.INFO: Gathering stage counts between 2025-10-29 00:00:00 and 2025-11-27 23:59:59  
[2025-11-27 19:36:36] local.INFO: Gathering stage counts between 2025-10-29 00:00:00 and 2025-11-27 23:59:59  
[2025-11-27 19:37:36] local.INFO: Gathering stage counts between 2025-10-29 00:00:00 and 2025-11-27 23:59:59  
[2025-11-27 19:38:36] local.INFO: Gathering stage counts between 2025-10-29 00:00:00 and 2025-11-27 23:59:59  
[2025-11-27 19:39:36] local.INFO: Gathering stage counts between 2025-10-29 00:00:00 and 2025-11-27 23:59:59  
[2025-11-27 19:40:36] local.INFO: Gathering stage counts between 2025-10-29 00:00:00 and 2025-11-27 23:59:59  
[2025-11-27 19:41:36] local.INFO: Gathering stage counts between 2025-10-29 00:00:00 and 2025-11-27 23:59:59  
[2025-11-27 19:42:36] local.INFO: Gathering stage counts between 2025-10-29 00:00:00 and 2025-11-27 23:59:59  
[2025-11-27 19:43:36] local.INFO: Gathering stage counts between 2025-10-29 00:00:00 and 2025-11-27 23:59:59  
[2025-11-27 19:44:36] local.INFO: Gathering stage counts between 2025-10-29 00:00:00 and 2025-11-27 23:59:59  
[2025-11-27 19:45:36] local.INFO: Gathering stage counts between 2025-10-29 00:00:00 and 2025-11-27 23:59:59  
[2025-11-27 19:46:36] local.INFO: Gathering stage counts between 2025-10-29 00:00:00 and 2025-11-27 23:59:59  
[2025-11-27 19:47:36] local.INFO: Gathering stage counts between 2025-10-29 00:00:00 and 2025-11-27 23:59:59  
[2025-11-27 19:48:36] local.INFO: Gathering stage counts between 2025-10-29 00:00:00 and 2025-11-27 23:59:59  
[2025-11-27 19:49:36] local.INFO: Gathering stage counts between 2025-10-29 00:00:00 and 2025-11-27 23:59:59  
[2025-11-27 19:50:36] local.INFO: Gathering stage counts between 2025-10-29 00:00:00 and 2025-11-27 23:59:59  
[2025-11-27 19:51:36] local.INFO: Gathering stage counts between 2025-10-29 00:00:00 and 2025-11-27 23:59:59  
[2025-11-27 19:52:36] local.INFO: Gathering stage counts between 2025-10-29 00:00:00 and 2025-11-27 23:59:59  
[2025-11-27 19:53:36] local.INFO: Gathering stage counts between 2025-10-29 00:00:00 and 2025-11-27 23:59:59  
[2025-11-27 19:54:36] local.INFO: Gathering stage counts between 2025-10-29 00:00:00 and 2025-11-27 23:59:59  
[2025-11-27 19:55:36] local.INFO: Gathering stage counts between 2025-10-29 00:00:00 and 2025-11-27 23:59:59  
[2025-11-27 19:56:36] local.INFO: Gathering stage counts between 2025-10-29 00:00:00 and 2025-11-27 23:59:59  
[2025-11-27 19:57:36] local.INFO: Gathering stage counts between 2025-10-29 00:00:00 and 2025-11-27 23:59:59  
[2025-11-27 19:58:36] local.INFO: Gathering stage counts between 2025-10-29 00:00:00 and 2025-11-27 23:59:59  
[2025-11-27 19:59:36] local.INFO: Gathering stage counts between 2025-10-29 00:00:00 and 2025-11-27 23:59:59  
[2025-11-27 20:00:36] local.INFO: Gathering stage counts between 2025-10-29 00:00:00 and 2025-11-27 23:59:59  
[2025-11-27 20:01:36] local.INFO: Gathering stage counts between 2025-10-29 00:00:00 and 2025-11-27 23:59:59  
[2025-11-27 20:02:36] local.INFO: Gathering stage counts between 2025-10-29 00:00:00 and 2025-11-27 23:59:59  
[2025-11-27 20:03:36] local.INFO: Gathering stage counts between 2025-10-29 00:00:00 and 2025-11-27 23:59:59  
[2025-11-27 20:04:36] local.INFO: Gathering stage counts between 2025-10-29 00:00:00 and 2025-11-27 23:59:59  
[2025-11-27 20:05:36] local.INFO: Gathering stage counts between 2025-10-29 00:00:00 and 2025-11-27 23:59:59  
[2025-11-27 20:06:36] local.INFO: Gathering stage counts between 2025-10-29 00:00:00 and 2025-11-27 23:59:59  
[2025-11-27 20:07:36] local.INFO: Gathering stage counts between 2025-10-29 00:00:00 and 2025-11-27 23:59:59  
[2025-11-27 20:08:36] local.INFO: Gathering stage counts between 2025-10-29 00:00:00 and 2025-11-27 23:59:59  
[2025-11-27 20:09:36] local.INFO: Gathering stage counts between 2025-10-29 00:00:00 and 2025-11-27 23:59:59  
[2025-11-27 20:10:36] local.INFO: Gathering stage counts between 2025-10-29 00:00:00 and 2025-11-27 23:59:59  
[2025-11-27 20:11:36] local.INFO: Gathering stage counts between 2025-10-29 00:00:00 and 2025-11-27 23:59:59  
[2025-11-27 20:12:36] local.INFO: Gathering stage counts between 2025-10-29 00:00:00 and 2025-11-27 23:59:59  
[2025-11-27 20:13:36] local.INFO: Gathering stage counts between 2025-10-29 00:00:00 and 2025-11-27 23:59:59  
[2025-11-27 20:14:36] local.INFO: Gathering stage counts between 2025-10-29 00:00:00 and 2025-11-27 23:59:59  
[2025-11-27 20:15:36] local.INFO: Gathering stage counts between 2025-10-29 00:00:00 and 2025-11-27 23:59:59  
[2025-11-27 20:16:36] local.INFO: Gathering stage counts between 2025-10-29 00:00:00 and 2025-11-27 23:59:59  
[2025-11-27 20:17:36] local.INFO: Gathering stage counts between 2025-10-29 00:00:00 and 2025-11-27 23:59:59  
[2025-11-27 20:18:36] local.INFO: Gathering stage counts between 2025-10-29 00:00:00 and 2025-11-27 23:59:59  
[2025-11-27 20:19:36] local.INFO: Gathering stage counts between 2025-10-29 00:00:00 and 2025-11-27 23:59:59  
[2025-11-27 20:20:36] local.INFO: Gathering stage counts between 2025-10-29 00:00:00 and 2025-11-27 23:59:59  
[2025-11-27 20:21:36] local.INFO: Gathering stage counts between 2025-10-29 00:00:00 and 2025-11-27 23:59:59  
[2025-11-27 20:22:36] local.INFO: Gathering stage counts between 2025-10-29 00:00:00 and 2025-11-27 23:59:59  
[2025-11-27 20:23:36] local.INFO: Gathering stage counts between 2025-10-29 00:00:00 and 2025-11-27 23:59:59  
[2025-11-27 20:24:36] local.INFO: Gathering stage counts between 2025-10-29 00:00:00 and 2025-11-27 23:59:59  
[2025-11-27 20:25:36] local.INFO: Gathering stage counts between 2025-10-29 00:00:00 and 2025-11-27 23:59:59  
[2025-11-27 20:26:36] local.INFO: Gathering stage counts between 2025-10-29 00:00:00 and 2025-11-27 23:59:59  
[2025-11-27 20:27:36] local.INFO: Gathering stage counts between 2025-10-29 00:00:00 and 2025-11-27 23:59:59  
[2025-11-27 20:28:36] local.INFO: Gathering stage counts between 2025-10-29 00:00:00 and 2025-11-27 23:59:59  
