[2025-12-16 12:47:59] local.INFO: --- CHECK UPDATE CALLED --- {"incoming_request":{"current_version_code":1,"device_id":"73e7ecaeff3b1b4d"}} 
[2025-12-16 12:47:59] local.INFO: Validated request {"device_id":"73e7ecaeff3b1b4d","current_version_code":1} 
[2025-12-16 12:47:59] local.INFO: Device found {"device_id":"73e7ecaeff3b1b4d","registered_version_code":1,"is_update_required_flag":0} 
[2025-12-16 12:47:59] local.INFO: Device is up to date {"device_id":"73e7ecaeff3b1b4d","current_version":1} 
[2025-12-16 12:48:01] local.INFO: User login attempt {"license_key":"73E7-T75B77-1686-1626-D874","username":"admin"} 
[2025-12-16 12:48:02] local.INFO: User login response data {"user_id":51,"data":{"user":{"name":"Bangalore admin","email":"admin@gmail.com","user_code":"USR-ADKU1CW","location_id":3,"location_name":"Electronic City","working_stages":[],"role":{"App\\Models\\user_management\\Role":{"role_id":13,"role_name":"Palnt Admin","role_code":"ROL-ADIN9A3"}},"api_key":"XDdZMI4IrtC0Wc4XsJI5vzjLrVdrY2U4en3me1ckxhKZDGgnge2VUVbeTHJO"},"permissions":{"users":["create.users","view.users","edit.users","delete.users"],"dashboard":["view.dashboard_admin"],"config_settings":["create.config_settings","view.config_settings","edit.config_settings","delete.config_settings"],"products":["view.products","create.products","edit.products","delete.products"],"reports":["view.reports"],"locations":["locations.view","locations.edit"],"inventory":["view.inventory","create.inventory","edit.inventory","delete.inventory","write.inventory","lock.inventory"]},"token":"841|B14iy0QVBgBWrNKWlxuh8x1vFhdoEII0aTuUn97e7d915d59"}} 
[2025-12-16 12:48:02] local.INFO: User login successful {"user_id":51,"license_key":"73E7-T75B77-1686-1626-D874"} 
[2025-12-16 12:48:03] local.INFO: --- CHECK UPDATE CALLED --- {"incoming_request":{"current_version_code":1,"device_id":"73e7ecaeff3b1b4d"}} 
[2025-12-16 12:48:03] local.INFO: Validated request {"device_id":"73e7ecaeff3b1b4d","current_version_code":1} 
[2025-12-16 12:48:03] local.INFO: Device found {"device_id":"73e7ecaeff3b1b4d","registered_version_code":1,"is_update_required_flag":0} 
[2025-12-16 12:48:03] local.INFO: Device is up to date {"device_id":"73e7ecaeff3b1b4d","current_version":1} 
[2025-12-16 12:50:49] local.INFO: Fetching tag details for EPC: E2004700E551662B01EC84A5  
[2025-12-16 12:51:00] local.INFO: getProducts: {"limit":20,"page":1,"search":null,"status":"all"}  
[2025-12-16 12:51:00] local.INFO: Products fetched response [{"id":2,"product_name":"Badsheet","product_code":"SKU-BED-01","category":"Badsheet","price":0,"expected_life_cycles":1000,"quantity":0,"last_activity":{"trans_type":null,"inward":0,"outward":0,"opening_stock":0,"closing_stock":0,"at":null}},{"id":3,"product_name":"Pillow Cover","product_code":"SKU-BED-02","category":"Pillow Cover","price":0,"expected_life_cycles":1000,"quantity":1,"last_activity":{"trans_type":"status_clean_out","inward":0,"outward":1,"opening_stock":2,"closing_stock":1,"at":"2025-12-12 16:00:55"}},{"id":4,"product_name":"Towel","product_code":"SKU-BED-03","category":"Towel","price":0,"expected_life_cycles":1000,"quantity":0,"last_activity":{"trans_type":null,"inward":0,"outward":0,"opening_stock":0,"closing_stock":0,"at":null}},{"id":5,"product_name":"Blanket","product_code":"SKU-BED-04","category":"Blanket","price":0,"expected_life_cycles":1000,"quantity":3,"last_activity":{"trans_type":"status_dirty_in","inward":1,"outward":0,"opening_stock":-1,"closing_stock":0,"at":"2025-12-11 20:00:12"}},{"id":6,"product_name":"Patient Gown","product_code":"SKU-BED-05","category":"Patient Gown","price":0,"expected_life_cycles":1000,"quantity":0,"last_activity":{"trans_type":null,"inward":0,"outward":0,"opening_stock":0,"closing_stock":0,"at":null}},{"id":1,"product_name":"Badsheet2","product_code":"343453S","category":"Badsheet2","price":0,"expected_life_cycles":1000,"quantity":0,"last_activity":{"trans_type":null,"inward":0,"outward":0,"opening_stock":0,"closing_stock":0,"at":null}}]  
[2025-12-16 12:58:28] local.INFO: --- CHECK UPDATE CALLED --- {"incoming_request":{"current_version_code":1,"device_id":"73e7ecaeff3b1b4d"}} 
[2025-12-16 12:58:28] local.INFO: Validated request {"device_id":"73e7ecaeff3b1b4d","current_version_code":1} 
[2025-12-16 12:58:28] local.INFO: Device found {"device_id":"73e7ecaeff3b1b4d","registered_version_code":1,"is_update_required_flag":0} 
[2025-12-16 12:58:28] local.INFO: Device is up to date {"device_id":"73e7ecaeff3b1b4d","current_version":1} 
[2025-12-16 12:58:30] local.INFO: User login attempt {"license_key":"73E7-T75B77-1686-1626-D874","username":"admin"} 
[2025-12-16 12:58:30] local.INFO: User login response data {"user_id":51,"data":{"user":{"name":"Bangalore admin","email":"admin@gmail.com","user_code":"USR-ADKU1CW","location_id":3,"location_name":"Electronic City","working_stages":[],"role":{"App\\Models\\user_management\\Role":{"role_id":13,"role_name":"Palnt Admin","role_code":"ROL-ADIN9A3"}},"api_key":"XDdZMI4IrtC0Wc4XsJI5vzjLrVdrY2U4en3me1ckxhKZDGgnge2VUVbeTHJO"},"permissions":{"users":["create.users","view.users","edit.users","delete.users"],"dashboard":["view.dashboard_admin"],"config_settings":["create.config_settings","view.config_settings","edit.config_settings","delete.config_settings"],"products":["view.products","create.products","edit.products","delete.products"],"reports":["view.reports"],"locations":["locations.view","locations.edit"],"inventory":["view.inventory","create.inventory","edit.inventory","delete.inventory","write.inventory","lock.inventory"]},"token":"842|Fx7RENVPj6ACIBLpKbH9ppXW1HJ0lJagsEeXLCEZf9a44350"}} 
[2025-12-16 12:58:30] local.INFO: User login successful {"user_id":51,"license_key":"73E7-T75B77-1686-1626-D874"} 
[2025-12-16 12:58:32] local.INFO: --- CHECK UPDATE CALLED --- {"incoming_request":{"current_version_code":1,"device_id":"73e7ecaeff3b1b4d"}} 
[2025-12-16 12:58:32] local.INFO: Validated request {"device_id":"73e7ecaeff3b1b4d","current_version_code":1} 
[2025-12-16 12:58:32] local.INFO: Device found {"device_id":"73e7ecaeff3b1b4d","registered_version_code":1,"is_update_required_flag":0} 
[2025-12-16 12:58:32] local.INFO: Device is up to date {"device_id":"73e7ecaeff3b1b4d","current_version":1} 
[2025-12-16 13:01:40] local.INFO: --- CHECK UPDATE CALLED --- {"incoming_request":{"current_version_code":1,"device_id":"73e7ecaeff3b1b4d"}} 
[2025-12-16 13:01:40] local.INFO: Validated request {"device_id":"73e7ecaeff3b1b4d","current_version_code":1} 
[2025-12-16 13:01:40] local.INFO: Device found {"device_id":"73e7ecaeff3b1b4d","registered_version_code":1,"is_update_required_flag":0} 
[2025-12-16 13:01:40] local.INFO: Device is up to date {"device_id":"73e7ecaeff3b1b4d","current_version":1} 
[2025-12-16 13:01:43] local.INFO: User login attempt {"license_key":"73E7-T75B77-1686-1626-D874","username":"admin"} 
[2025-12-16 13:01:43] local.INFO: User login response data {"user_id":51,"data":{"user":{"name":"Bangalore admin","email":"admin@gmail.com","user_code":"USR-ADKU1CW","location_id":3,"location_name":"Electronic City","working_stages":[],"role":{"App\\Models\\user_management\\Role":{"role_id":13,"role_name":"Palnt Admin","role_code":"ROL-ADIN9A3"}},"api_key":"XDdZMI4IrtC0Wc4XsJI5vzjLrVdrY2U4en3me1ckxhKZDGgnge2VUVbeTHJO"},"permissions":{"users":["create.users","view.users","edit.users","delete.users"],"dashboard":["view.dashboard_admin"],"config_settings":["create.config_settings","view.config_settings","edit.config_settings","delete.config_settings"],"products":["view.products","create.products","edit.products","delete.products"],"reports":["view.reports"],"locations":["locations.view","locations.edit"],"inventory":["view.inventory","create.inventory","edit.inventory","delete.inventory","write.inventory","lock.inventory"]},"token":"843|JEQcNT7WOT411UnMtwA07vLV6BmR8z03U5Z2hGxG8054c50a"}} 
[2025-12-16 13:01:43] local.INFO: User login successful {"user_id":51,"license_key":"73E7-T75B77-1686-1626-D874"} 
[2025-12-16 13:01:45] local.INFO: --- CHECK UPDATE CALLED --- {"incoming_request":{"current_version_code":1,"device_id":"73e7ecaeff3b1b4d"}} 
[2025-12-16 13:01:45] local.INFO: Validated request {"device_id":"73e7ecaeff3b1b4d","current_version_code":1} 
[2025-12-16 13:01:45] local.INFO: Device found {"device_id":"73e7ecaeff3b1b4d","registered_version_code":1,"is_update_required_flag":0} 
[2025-12-16 13:01:45] local.INFO: Device is up to date {"device_id":"73e7ecaeff3b1b4d","current_version":1} 
[2025-12-16 13:04:06] local.INFO: --- CHECK UPDATE CALLED --- {"incoming_request":{"current_version_code":1,"device_id":"73e7ecaeff3b1b4d"}} 
[2025-12-16 13:04:06] local.INFO: Validated request {"device_id":"73e7ecaeff3b1b4d","current_version_code":1} 
[2025-12-16 13:04:06] local.INFO: Device found {"device_id":"73e7ecaeff3b1b4d","registered_version_code":1,"is_update_required_flag":0} 
[2025-12-16 13:04:06] local.INFO: Device is up to date {"device_id":"73e7ecaeff3b1b4d","current_version":1} 
